-- The C compiler identification is GNU 11.4.0
-- The CXX compiler identification is GNU 11.4.0
-- Detecting C compiler ABI info
-- Detecting C compiler ABI info - done
-- Check for working C compiler: /usr/bin/cc - skipped
-- Detecting C compile features
-- Detecting C compile features - done
-- Detecting CXX compiler ABI info
-- Detecting CXX compiler ABI info - done
-- Check for working CXX compiler: /usr/bin/c++ - skipped
-- Detecting CXX compile features
-- Detecting CXX compile features - done
-- Found ament_cmake: 1.3.12 (/opt/ros/humble/share/ament_cmake/cmake)
-- Found Python3: /usr/bin/python3 (found version "3.10.12") found components: Interpreter 
-- Override CMake install command with custom implementation using symlinks instead of copying resources
-- Found rclcpp: 16.0.17 (/opt/ros/humble/share/rclcpp/cmake)
-- Found rosidl_generator_c: 3.1.8 (/opt/ros/humble/share/rosidl_generator_c/cmake)
-- Found rosidl_adapter: 3.1.8 (/opt/ros/humble/share/rosidl_adapter/cmake)
-- Found rosidl_generator_cpp: 3.1.8 (/opt/ros/humble/share/rosidl_generator_cpp/cmake)
-- Using all available rosidl_typesupport_c: rosidl_typesupport_fastrtps_c;rosidl_typesupport_introspection_c
-- Using all available rosidl_typesupport_cpp: rosidl_typesupport_fastrtps_cpp;rosidl_typesupport_introspection_cpp
-- Found rmw_implementation_cmake: 6.1.2 (/opt/ros/humble/share/rmw_implementation_cmake/cmake)
-- Found rmw_fastrtps_cpp: 6.2.9 (/opt/ros/humble/share/rmw_fastrtps_cpp/cmake)
-- Found OpenSSL: /usr/lib/x86_64-linux-gnu/libcrypto.so (found version "3.0.2")  
-- Found FastRTPS: /opt/ros/humble/include  
-- Using RMW implementation 'rmw_fastrtps_cpp' as default
-- Looking for pthread.h
-- Looking for pthread.h - found
-- Performing Test CMAKE_HAVE_LIBC_PTHREAD
-- Performing Test CMAKE_HAVE_LIBC_PTHREAD - Success
-- Found Threads: TRUE  
-- Found geometry_msgs: 4.9.0 (/opt/ros/humble/share/geometry_msgs/cmake)
-- Found aura_msgs: 0.1.0 (/home/aura/ws/install/aura_msgs/share/aura_msgs/cmake)
-- Found tf2: 0.25.18 (/opt/ros/humble/share/tf2/cmake)
-- Found tf2_ros: 0.25.18 (/opt/ros/humble/share/tf2_ros/cmake)
-- Found ament_lint_auto: 0.12.14 (/opt/ros/humble/share/ament_lint_auto/cmake)
-- Added test 'copyright' to check source files copyright and LICENSE
-- Added test 'cppcheck' to perform static code analysis on C / C++ code
-- Configured cppcheck include dirs: /home/aura/ws/src/aura_trajectory/include;$<BUILD_INTERFACE:/home/aura/ws/src/aura_trajectory/include>
-- Configured cppcheck exclude dirs and/or files: 
-- Added test 'cpplint' to check C / C++ code against the Google style
-- Configured cpplint exclude dirs and/or files: 
-- Added test 'flake8' to check Python code syntax and style conventions
-- Added test 'lint_cmake' to check CMake code style
-- Added test 'pep257' to check Python code against some of the docstring style conventions in PEP 257
-- Added test 'uncrustify' to check C / C++ code style
-- Configured uncrustify additional arguments: 
-- Added test 'xmllint' to check XML markup files
-- Configuring done
-- Generating done
-- Build files have been written to: /home/aura/ws/build/aura_trajectory
[ 11%] [32mBuilding CXX object CMakeFiles/minco_trajectory.dir/src/trajectory_optimizer.cpp.o[0m
[ 22%] [32mBuilding CXX object CMakeFiles/minco_trajectory.dir/src/minco_trajectory.cpp.o[0m
[ 33%] [32mBuilding CXX object CMakeFiles/minco_trajectory.dir/src/penalty_functions.cpp.o[0m
[ 44%] [32mBuilding CXX object CMakeFiles/minco_trajectory.dir/src/safety_checker.cpp.o[0m
[ 55%] [32m[1mLinking CXX shared library libminco_trajectory.so[0m
[ 55%] Built target minco_trajectory
[ 66%] [32mBuilding CXX object CMakeFiles/swarm_coordinator_node.dir/src/swarm_coordinator_node.cpp.o[0m
[ 77%] [32mBuilding CXX object CMakeFiles/trajectory_node.dir/src/trajectory_node.cpp.o[0m
[ 88%] [32m[1mLinking CXX executable swarm_coordinator_node[0m
[ 88%] Built target swarm_coordinator_node
[100%] [32m[1mLinking CXX executable trajectory_node[0m
[100%] Built target trajectory_node
-- Install configuration: ""
-- Execute custom install script
-- Symlinking: /home/aura/ws/install/aura_trajectory/lib/aura_trajectory/libminco_trajectory.so
-- Symlinking: /home/aura/ws/install/aura_trajectory/lib/aura_trajectory/trajectory_node
-- Symlinking: /home/aura/ws/install/aura_trajectory/lib/aura_trajectory/swarm_coordinator_node
-- Symlinking: /home/aura/ws/install/aura_trajectory/include/aura_trajectory/minco_trajectory.hpp
-- Symlinking: /home/aura/ws/install/aura_trajectory/include/aura_trajectory/penalty_functions.hpp
-- Symlinking: /home/aura/ws/install/aura_trajectory/include/aura_trajectory/safety_checker.hpp
-- Symlinking: /home/aura/ws/install/aura_trajectory/include/aura_trajectory/trajectory_optimizer.hpp
-- Symlinking: /home/aura/ws/install/aura_trajectory/share/aura_trajectory/launch/trajectory_planner.launch.py
-- Symlinking: /home/aura/ws/install/aura_trajectory/share/aura_trajectory/config/trajectory_params.yaml
-- Symlinking: /home/aura/ws/install/aura_trajectory/share/ament_index/resource_index/package_run_dependencies/aura_trajectory
-- Symlinking: /home/aura/ws/install/aura_trajectory/share/ament_index/resource_index/parent_prefix_path/aura_trajectory
-- Symlinking: /home/aura/ws/install/aura_trajectory/share/aura_trajectory/environment/ament_prefix_path.sh
-- Symlinking: /home/aura/ws/install/aura_trajectory/share/aura_trajectory/environment/ament_prefix_path.dsv
-- Symlinking: /home/aura/ws/install/aura_trajectory/share/aura_trajectory/environment/path.sh
-- Symlinking: /home/aura/ws/install/aura_trajectory/share/aura_trajectory/environment/path.dsv
-- Symlinking: /home/aura/ws/install/aura_trajectory/share/aura_trajectory/local_setup.bash
-- Symlinking: /home/aura/ws/install/aura_trajectory/share/aura_trajectory/local_setup.sh
-- Symlinking: /home/aura/ws/install/aura_trajectory/share/aura_trajectory/local_setup.zsh
-- Symlinking: /home/aura/ws/install/aura_trajectory/share/aura_trajectory/local_setup.dsv
-- Symlinking: /home/aura/ws/install/aura_trajectory/share/aura_trajectory/package.dsv
-- Symlinking: /home/aura/ws/install/aura_trajectory/share/ament_index/resource_index/packages/aura_trajectory
-- Symlinking: /home/aura/ws/install/aura_trajectory/share/aura_trajectory/cmake/aura_trajectoryConfig.cmake
-- Symlinking: /home/aura/ws/install/aura_trajectory/share/aura_trajectory/cmake/aura_trajectoryConfig-version.cmake
-- Symlinking: /home/aura/ws/install/aura_trajectory/share/aura_trajectory/package.xml
