[0.009s] Invoking command in '/home/aura/ws/build/aura_trajectory': CMAKE_PREFIX_PATH=/home/aura/ws/install/aura_msgs:/home/aura/ws/install/aura_trajectory:/home/aura/ws/install/aura_px4_interface:/opt/px4_ros/install/px4_ros_com:/opt/px4_ros/install/px4_msgs:/opt/ros/humble LD_LIBRARY_PATH=/home/aura/ws/install/aura_msgs/lib:/opt/px4_ros/install/px4_ros_com/lib:/opt/px4_ros/install/px4_msgs/lib:/usr/lib/x86_64-linux-gnu/gazebo-11/plugins:/opt/ros/humble/lib/x86_64-linux-gnu:/opt/ros/humble/lib:/opt/ns-allinone-3.40/ns-3.40/build/lib:/home/aura/PX4-Autopilot/build/px4_sitl_default/build_gazebo-classic /usr/bin/cmake /home/aura/ws/src/aura_trajectory -DAMENT_CMAKE_SYMLINK_INSTALL=1 -DCMAKE_INSTALL_PREFIX=/home/aura/ws/install/aura_trajectory
[0.065s] -- The C compiler identification is GNU 11.4.0
[0.107s] -- The CXX compiler identification is GNU 11.4.0
[0.112s] -- Detecting C compiler ABI info
[0.177s] -- Detecting C compiler ABI info - done
[0.181s] -- Check for working C compiler: /usr/bin/cc - skipped
[0.182s] -- Detecting C compile features
[0.182s] -- Detecting C compile features - done
[0.184s] -- Detecting CXX compiler ABI info
[0.273s] -- Detecting CXX compiler ABI info - done
[0.279s] -- Check for working CXX compiler: /usr/bin/c++ - skipped
[0.279s] -- Detecting CXX compile features
[0.279s] -- Detecting CXX compile features - done
[0.281s] -- Found ament_cmake: 1.3.12 (/opt/ros/humble/share/ament_cmake/cmake)
[0.580s] -- Found Python3: /usr/bin/python3 (found version "3.10.12") found components: Interpreter 
[0.627s] -- Override CMake install command with custom implementation using symlinks instead of copying resources
[0.652s] -- Found rclcpp: 16.0.17 (/opt/ros/humble/share/rclcpp/cmake)
[0.684s] -- Found rosidl_generator_c: 3.1.8 (/opt/ros/humble/share/rosidl_generator_c/cmake)
[0.688s] -- Found rosidl_adapter: 3.1.8 (/opt/ros/humble/share/rosidl_adapter/cmake)
[0.694s] -- Found rosidl_generator_cpp: 3.1.8 (/opt/ros/humble/share/rosidl_generator_cpp/cmake)
[0.703s] -- Using all available rosidl_typesupport_c: rosidl_typesupport_fastrtps_c;rosidl_typesupport_introspection_c
[0.715s] -- Using all available rosidl_typesupport_cpp: rosidl_typesupport_fastrtps_cpp;rosidl_typesupport_introspection_cpp
[0.746s] -- Found rmw_implementation_cmake: 6.1.2 (/opt/ros/humble/share/rmw_implementation_cmake/cmake)
[0.749s] -- Found rmw_fastrtps_cpp: 6.2.9 (/opt/ros/humble/share/rmw_fastrtps_cpp/cmake)
[0.855s] -- Found OpenSSL: /usr/lib/x86_64-linux-gnu/libcrypto.so (found version "3.0.2")  
[0.887s] -- Found FastRTPS: /opt/ros/humble/include  
[0.927s] -- Using RMW implementation 'rmw_fastrtps_cpp' as default
[0.937s] -- Looking for pthread.h
[1.003s] -- Looking for pthread.h - found
[1.003s] -- Performing Test CMAKE_HAVE_LIBC_PTHREAD
[1.074s] -- Performing Test CMAKE_HAVE_LIBC_PTHREAD - Success
[1.075s] -- Found Threads: TRUE  
[1.118s] -- Found geometry_msgs: 4.9.0 (/opt/ros/humble/share/geometry_msgs/cmake)
[1.127s] -- Found aura_msgs: 0.1.0 (/home/aura/ws/install/aura_msgs/share/aura_msgs/cmake)
[1.158s] -- Found tf2: 0.25.18 (/opt/ros/humble/share/tf2/cmake)
[1.168s] -- Found tf2_ros: 0.25.18 (/opt/ros/humble/share/tf2_ros/cmake)
[1.231s] -- Found ament_lint_auto: 0.12.14 (/opt/ros/humble/share/ament_lint_auto/cmake)
[1.296s] -- Added test 'copyright' to check source files copyright and LICENSE
[1.297s] -- Added test 'cppcheck' to perform static code analysis on C / C++ code
[1.297s] -- Configured cppcheck include dirs: /home/aura/ws/src/aura_trajectory/include;$<BUILD_INTERFACE:/home/aura/ws/src/aura_trajectory/include>
[1.297s] -- Configured cppcheck exclude dirs and/or files: 
[1.298s] -- Added test 'cpplint' to check C / C++ code against the Google style
[1.298s] -- Configured cpplint exclude dirs and/or files: 
[1.298s] -- Added test 'flake8' to check Python code syntax and style conventions
[1.299s] -- Added test 'lint_cmake' to check CMake code style
[1.299s] -- Added test 'pep257' to check Python code against some of the docstring style conventions in PEP 257
[1.300s] -- Added test 'uncrustify' to check C / C++ code style
[1.300s] -- Configured uncrustify additional arguments: 
[1.301s] -- Added test 'xmllint' to check XML markup files
[1.301s] -- Configuring done
[1.313s] -- Generating done
[1.317s] -- Build files have been written to: /home/aura/ws/build/aura_trajectory
[1.324s] Invoked command in '/home/aura/ws/build/aura_trajectory' returned '0': CMAKE_PREFIX_PATH=/home/aura/ws/install/aura_msgs:/home/aura/ws/install/aura_trajectory:/home/aura/ws/install/aura_px4_interface:/opt/px4_ros/install/px4_ros_com:/opt/px4_ros/install/px4_msgs:/opt/ros/humble LD_LIBRARY_PATH=/home/aura/ws/install/aura_msgs/lib:/opt/px4_ros/install/px4_ros_com/lib:/opt/px4_ros/install/px4_msgs/lib:/usr/lib/x86_64-linux-gnu/gazebo-11/plugins:/opt/ros/humble/lib/x86_64-linux-gnu:/opt/ros/humble/lib:/opt/ns-allinone-3.40/ns-3.40/build/lib:/home/aura/PX4-Autopilot/build/px4_sitl_default/build_gazebo-classic /usr/bin/cmake /home/aura/ws/src/aura_trajectory -DAMENT_CMAKE_SYMLINK_INSTALL=1 -DCMAKE_INSTALL_PREFIX=/home/aura/ws/install/aura_trajectory
[1.325s] Invoking command in '/home/aura/ws/build/aura_trajectory': CMAKE_PREFIX_PATH=/home/aura/ws/install/aura_msgs:/home/aura/ws/install/aura_trajectory:/home/aura/ws/install/aura_px4_interface:/opt/px4_ros/install/px4_ros_com:/opt/px4_ros/install/px4_msgs:/opt/ros/humble LD_LIBRARY_PATH=/home/aura/ws/install/aura_msgs/lib:/opt/px4_ros/install/px4_ros_com/lib:/opt/px4_ros/install/px4_msgs/lib:/usr/lib/x86_64-linux-gnu/gazebo-11/plugins:/opt/ros/humble/lib/x86_64-linux-gnu:/opt/ros/humble/lib:/opt/ns-allinone-3.40/ns-3.40/build/lib:/home/aura/PX4-Autopilot/build/px4_sitl_default/build_gazebo-classic /usr/bin/cmake --build /home/aura/ws/build/aura_trajectory -- -j20 -l20
[1.366s] [ 11%] [32mBuilding CXX object CMakeFiles/minco_trajectory.dir/src/trajectory_optimizer.cpp.o[0m
[1.367s] [ 22%] [32mBuilding CXX object CMakeFiles/minco_trajectory.dir/src/minco_trajectory.cpp.o[0m
[1.367s] [ 33%] [32mBuilding CXX object CMakeFiles/minco_trajectory.dir/src/penalty_functions.cpp.o[0m
[1.368s] [ 44%] [32mBuilding CXX object CMakeFiles/minco_trajectory.dir/src/safety_checker.cpp.o[0m
[6.482s] [ 55%] [32m[1mLinking CXX shared library libminco_trajectory.so[0m
[6.543s] [ 55%] Built target minco_trajectory
[6.561s] [ 66%] [32mBuilding CXX object CMakeFiles/swarm_coordinator_node.dir/src/swarm_coordinator_node.cpp.o[0m
[6.563s] [ 77%] [32mBuilding CXX object CMakeFiles/trajectory_node.dir/src/trajectory_node.cpp.o[0m
[16.837s] [ 88%] [32m[1mLinking CXX executable swarm_coordinator_node[0m
[16.990s] [ 88%] Built target swarm_coordinator_node
[21.208s] [100%] [32m[1mLinking CXX executable trajectory_node[0m
[21.374s] [100%] Built target trajectory_node
[21.384s] Invoked command in '/home/aura/ws/build/aura_trajectory' returned '0': CMAKE_PREFIX_PATH=/home/aura/ws/install/aura_msgs:/home/aura/ws/install/aura_trajectory:/home/aura/ws/install/aura_px4_interface:/opt/px4_ros/install/px4_ros_com:/opt/px4_ros/install/px4_msgs:/opt/ros/humble LD_LIBRARY_PATH=/home/aura/ws/install/aura_msgs/lib:/opt/px4_ros/install/px4_ros_com/lib:/opt/px4_ros/install/px4_msgs/lib:/usr/lib/x86_64-linux-gnu/gazebo-11/plugins:/opt/ros/humble/lib/x86_64-linux-gnu:/opt/ros/humble/lib:/opt/ns-allinone-3.40/ns-3.40/build/lib:/home/aura/PX4-Autopilot/build/px4_sitl_default/build_gazebo-classic /usr/bin/cmake --build /home/aura/ws/build/aura_trajectory -- -j20 -l20
[21.385s] Invoking command in '/home/aura/ws/build/aura_trajectory': CMAKE_PREFIX_PATH=/home/aura/ws/install/aura_msgs:/home/aura/ws/install/aura_trajectory:/home/aura/ws/install/aura_px4_interface:/opt/px4_ros/install/px4_ros_com:/opt/px4_ros/install/px4_msgs:/opt/ros/humble LD_LIBRARY_PATH=/home/aura/ws/install/aura_msgs/lib:/opt/px4_ros/install/px4_ros_com/lib:/opt/px4_ros/install/px4_msgs/lib:/usr/lib/x86_64-linux-gnu/gazebo-11/plugins:/opt/ros/humble/lib/x86_64-linux-gnu:/opt/ros/humble/lib:/opt/ns-allinone-3.40/ns-3.40/build/lib:/home/aura/PX4-Autopilot/build/px4_sitl_default/build_gazebo-classic /usr/bin/cmake --install /home/aura/ws/build/aura_trajectory
[21.393s] -- Install configuration: ""
[21.393s] -- Execute custom install script
[21.393s] -- Symlinking: /home/aura/ws/install/aura_trajectory/lib/aura_trajectory/libminco_trajectory.so
[21.399s] -- Symlinking: /home/aura/ws/install/aura_trajectory/lib/aura_trajectory/trajectory_node
[21.404s] -- Symlinking: /home/aura/ws/install/aura_trajectory/lib/aura_trajectory/swarm_coordinator_node
[21.410s] -- Symlinking: /home/aura/ws/install/aura_trajectory/include/aura_trajectory/minco_trajectory.hpp
[21.417s] -- Symlinking: /home/aura/ws/install/aura_trajectory/include/aura_trajectory/penalty_functions.hpp
[21.423s] -- Symlinking: /home/aura/ws/install/aura_trajectory/include/aura_trajectory/safety_checker.hpp
[21.429s] -- Symlinking: /home/aura/ws/install/aura_trajectory/include/aura_trajectory/trajectory_optimizer.hpp
[21.436s] -- Symlinking: /home/aura/ws/install/aura_trajectory/share/aura_trajectory/launch/trajectory_planner.launch.py
[21.441s] -- Symlinking: /home/aura/ws/install/aura_trajectory/share/aura_trajectory/config/trajectory_params.yaml
[21.448s] -- Symlinking: /home/aura/ws/install/aura_trajectory/share/ament_index/resource_index/package_run_dependencies/aura_trajectory
[21.455s] -- Symlinking: /home/aura/ws/install/aura_trajectory/share/ament_index/resource_index/parent_prefix_path/aura_trajectory
[21.460s] -- Symlinking: /home/aura/ws/install/aura_trajectory/share/aura_trajectory/environment/ament_prefix_path.sh
[21.467s] -- Symlinking: /home/aura/ws/install/aura_trajectory/share/aura_trajectory/environment/ament_prefix_path.dsv
[21.475s] -- Symlinking: /home/aura/ws/install/aura_trajectory/share/aura_trajectory/environment/path.sh
[21.483s] -- Symlinking: /home/aura/ws/install/aura_trajectory/share/aura_trajectory/environment/path.dsv
[21.489s] -- Symlinking: /home/aura/ws/install/aura_trajectory/share/aura_trajectory/local_setup.bash
[21.495s] -- Symlinking: /home/aura/ws/install/aura_trajectory/share/aura_trajectory/local_setup.sh
[21.501s] -- Symlinking: /home/aura/ws/install/aura_trajectory/share/aura_trajectory/local_setup.zsh
[21.510s] -- Symlinking: /home/aura/ws/install/aura_trajectory/share/aura_trajectory/local_setup.dsv
[21.517s] -- Symlinking: /home/aura/ws/install/aura_trajectory/share/aura_trajectory/package.dsv
[21.525s] -- Symlinking: /home/aura/ws/install/aura_trajectory/share/ament_index/resource_index/packages/aura_trajectory
[21.532s] -- Symlinking: /home/aura/ws/install/aura_trajectory/share/aura_trajectory/cmake/aura_trajectoryConfig.cmake
[21.541s] -- Symlinking: /home/aura/ws/install/aura_trajectory/share/aura_trajectory/cmake/aura_trajectoryConfig-version.cmake
[21.549s] -- Symlinking: /home/aura/ws/install/aura_trajectory/share/aura_trajectory/package.xml
[21.560s] Invoked command in '/home/aura/ws/build/aura_trajectory' returned '0': CMAKE_PREFIX_PATH=/home/aura/ws/install/aura_msgs:/home/aura/ws/install/aura_trajectory:/home/aura/ws/install/aura_px4_interface:/opt/px4_ros/install/px4_ros_com:/opt/px4_ros/install/px4_msgs:/opt/ros/humble LD_LIBRARY_PATH=/home/aura/ws/install/aura_msgs/lib:/opt/px4_ros/install/px4_ros_com/lib:/opt/px4_ros/install/px4_msgs/lib:/usr/lib/x86_64-linux-gnu/gazebo-11/plugins:/opt/ros/humble/lib/x86_64-linux-gnu:/opt/ros/humble/lib:/opt/ns-allinone-3.40/ns-3.40/build/lib:/home/aura/PX4-Autopilot/build/px4_sitl_default/build_gazebo-classic /usr/bin/cmake --install /home/aura/ws/build/aura_trajectory
