-- The C compiler identification is GNU 11.4.0
-- The CXX compiler identification is GNU 11.4.0
-- Detecting C compiler ABI info
-- Detecting C compiler ABI info - done
-- Check for working C compiler: /usr/bin/cc - skipped
-- Detecting C compile features
-- Detecting C compile features - done
-- Detecting CXX compiler ABI info
-- Detecting CXX compiler ABI info - done
-- Check for working CXX compiler: /usr/bin/c++ - skipped
-- Detecting CXX compile features
-- Detecting CXX compile features - done
-- Found ament_cmake: 1.3.12 (/opt/ros/humble/share/ament_cmake/cmake)
-- Found Python3: /usr/bin/python3 (found version "3.10.12") found components: Interpreter 
-- Override CMake install command with custom implementation using symlinks instead of copying resources
-- Found rclcpp: 16.0.17 (/opt/ros/humble/share/rclcpp/cmake)
-- Found rosidl_generator_c: 3.1.8 (/opt/ros/humble/share/rosidl_generator_c/cmake)
-- Found rosidl_adapter: 3.1.8 (/opt/ros/humble/share/rosidl_adapter/cmake)
-- Found rosidl_generator_cpp: 3.1.8 (/opt/ros/humble/share/rosidl_generator_cpp/cmake)
-- Using all available rosidl_typesupport_c: rosidl_typesupport_fastrtps_c;rosidl_typesupport_introspection_c
-- Using all available rosidl_typesupport_cpp: rosidl_typesupport_fastrtps_cpp;rosidl_typesupport_introspection_cpp
-- Found rmw_implementation_cmake: 6.1.2 (/opt/ros/humble/share/rmw_implementation_cmake/cmake)
-- Found rmw_fastrtps_cpp: 6.2.9 (/opt/ros/humble/share/rmw_fastrtps_cpp/cmake)
-- Found OpenSSL: /usr/lib/x86_64-linux-gnu/libcrypto.so (found version "3.0.2")  
-- Found FastRTPS: /opt/ros/humble/include  
-- Using RMW implementation 'rmw_fastrtps_cpp' as default
-- Looking for pthread.h
-- Looking for pthread.h - found
-- Performing Test CMAKE_HAVE_LIBC_PTHREAD
-- Performing Test CMAKE_HAVE_LIBC_PTHREAD - Success
-- Found Threads: TRUE  
-- Found std_srvs: 4.9.0 (/opt/ros/humble/share/std_srvs/cmake)
-- Found geometry_msgs: 4.9.0 (/opt/ros/humble/share/geometry_msgs/cmake)
-- Found sensor_msgs: 4.9.0 (/opt/ros/humble/share/sensor_msgs/cmake)
-- Found nav_msgs: 4.9.0 (/opt/ros/humble/share/nav_msgs/cmake)
-- Found tf2: 0.25.18 (/opt/ros/humble/share/tf2/cmake)
-- Found tf2_ros: 0.25.18 (/opt/ros/humble/share/tf2_ros/cmake)
-- Found tf2_geometry_msgs: 0.25.18 (/opt/ros/humble/share/tf2_geometry_msgs/cmake)
-- Found eigen3_cmake_module: 0.1.1 (/opt/ros/humble/share/eigen3_cmake_module/cmake)
-- Found Eigen3: TRUE (found version "3.4.0") 
-- Ensuring Eigen3 include directory is part of orocos-kdl CMake target
-- Found aura_msgs: 0.1.0 (/home/aura/ws/install/aura_msgs/share/aura_msgs/cmake)
-- Found px4_msgs: 2.0.1 (/opt/px4_ros/install/px4_msgs/share/px4_msgs/cmake)
-- Configuring done
-- Generating done
-- Build files have been written to: /home/aura/ws/build/aura_px4_interface
[ 37%] [32mBuilding CXX object CMakeFiles/px4_interface.dir/src/px4_interface.cpp.o[0m
[ 37%] [32mBuilding CXX object CMakeFiles/px4_interface.dir/src/vehicle_state.cpp.o[0m
[ 37%] [32mBuilding CXX object CMakeFiles/px4_interface.dir/src/offboard_controller.cpp.o[0m
[ 50%] [32m[1mLinking CXX static library libpx4_interface.a[0m
[ 50%] Built target px4_interface
[ 62%] [32mBuilding CXX object CMakeFiles/swarm_px4_manager_node.dir/src/swarm_px4_manager_node.cpp.o[0m
[ 75%] [32mBuilding CXX object CMakeFiles/px4_interface_node.dir/src/px4_interface_node.cpp.o[0m
[ 87%] [32m[1mLinking CXX executable px4_interface_node[0m
[100%] [32m[1mLinking CXX executable swarm_px4_manager_node[0m
[100%] Built target swarm_px4_manager_node
[100%] Built target px4_interface_node
-- Install configuration: ""
-- Execute custom install script
-- Symlinking: /home/aura/ws/install/aura_px4_interface/lib/aura_px4_interface/libpx4_interface.a
-- Symlinking: /home/aura/ws/install/aura_px4_interface/lib/aura_px4_interface/px4_interface_node
-- Symlinking: /home/aura/ws/install/aura_px4_interface/lib/aura_px4_interface/swarm_px4_manager_node
-- Symlinking: /home/aura/ws/install/aura_px4_interface/include/aura_px4_interface/offboard_controller.hpp
-- Symlinking: /home/aura/ws/install/aura_px4_interface/include/aura_px4_interface/px4_interface.hpp
-- Symlinking: /home/aura/ws/install/aura_px4_interface/include/aura_px4_interface/vehicle_state.hpp
-- Symlinking: /home/aura/ws/install/aura_px4_interface/share/aura_px4_interface/launch/px4_interface.launch.py
-- Symlinking: /home/aura/ws/install/aura_px4_interface/share/aura_px4_interface/launch/swarm_px4.launch.py
-- Symlinking: /home/aura/ws/install/aura_px4_interface/share/aura_px4_interface/config/px4_interface_params.yaml
-- Symlinking: /home/aura/ws/install/aura_px4_interface/share/ament_index/resource_index/package_run_dependencies/aura_px4_interface
-- Symlinking: /home/aura/ws/install/aura_px4_interface/share/ament_index/resource_index/parent_prefix_path/aura_px4_interface
-- Symlinking: /home/aura/ws/install/aura_px4_interface/share/aura_px4_interface/environment/ament_prefix_path.sh
-- Symlinking: /home/aura/ws/install/aura_px4_interface/share/aura_px4_interface/environment/ament_prefix_path.dsv
-- Symlinking: /home/aura/ws/install/aura_px4_interface/share/aura_px4_interface/environment/path.sh
-- Symlinking: /home/aura/ws/install/aura_px4_interface/share/aura_px4_interface/environment/path.dsv
-- Symlinking: /home/aura/ws/install/aura_px4_interface/share/aura_px4_interface/local_setup.bash
-- Symlinking: /home/aura/ws/install/aura_px4_interface/share/aura_px4_interface/local_setup.sh
-- Symlinking: /home/aura/ws/install/aura_px4_interface/share/aura_px4_interface/local_setup.zsh
-- Symlinking: /home/aura/ws/install/aura_px4_interface/share/aura_px4_interface/local_setup.dsv
-- Symlinking: /home/aura/ws/install/aura_px4_interface/share/aura_px4_interface/package.dsv
-- Symlinking: /home/aura/ws/install/aura_px4_interface/share/ament_index/resource_index/packages/aura_px4_interface
-- Symlinking: /home/aura/ws/install/aura_px4_interface/share/aura_px4_interface/cmake/aura_px4_interfaceConfig.cmake
-- Symlinking: /home/aura/ws/install/aura_px4_interface/share/aura_px4_interface/cmake/aura_px4_interfaceConfig-version.cmake
-- Symlinking: /home/aura/ws/install/aura_px4_interface/share/aura_px4_interface/package.xml
