[0.009s] Invoking command in '/home/aura/ws/build/aura_px4_interface': CMAKE_PREFIX_PATH=/home/aura/ws/install/aura_msgs:/home/aura/ws/install/aura_trajectory:/home/aura/ws/install/aura_px4_interface:/opt/px4_ros/install/px4_ros_com:/opt/px4_ros/install/px4_msgs:/opt/ros/humble LD_LIBRARY_PATH=/home/aura/ws/install/aura_msgs/lib:/opt/px4_ros/install/px4_ros_com/lib:/opt/px4_ros/install/px4_msgs/lib:/usr/lib/x86_64-linux-gnu/gazebo-11/plugins:/opt/ros/humble/lib/x86_64-linux-gnu:/opt/ros/humble/lib:/opt/ns-allinone-3.40/ns-3.40/build/lib:/home/aura/PX4-Autopilot/build/px4_sitl_default/build_gazebo-classic /usr/bin/cmake /home/aura/ws/src/aura_px4_interface -DAMENT_CMAKE_SYMLINK_INSTALL=1 -DCMAKE_INSTALL_PREFIX=/home/aura/ws/install/aura_px4_interface
[0.063s] -- The C compiler identification is GNU 11.4.0
[0.104s] -- The CXX compiler identification is GNU 11.4.0
[0.109s] -- Detecting C compiler ABI info
[0.178s] -- Detecting C compiler ABI info - done
[0.183s] -- Check for working C compiler: /usr/bin/cc - skipped
[0.183s] -- Detecting C compile features
[0.183s] -- Detecting C compile features - done
[0.185s] -- Detecting CXX compiler ABI info
[0.274s] -- Detecting CXX compiler ABI info - done
[0.279s] -- Check for working CXX compiler: /usr/bin/c++ - skipped
[0.279s] -- Detecting CXX compile features
[0.280s] -- Detecting CXX compile features - done
[0.282s] -- Found ament_cmake: 1.3.12 (/opt/ros/humble/share/ament_cmake/cmake)
[0.571s] -- Found Python3: /usr/bin/python3 (found version "3.10.12") found components: Interpreter 
[0.620s] -- Override CMake install command with custom implementation using symlinks instead of copying resources
[0.647s] -- Found rclcpp: 16.0.17 (/opt/ros/humble/share/rclcpp/cmake)
[0.680s] -- Found rosidl_generator_c: 3.1.8 (/opt/ros/humble/share/rosidl_generator_c/cmake)
[0.684s] -- Found rosidl_adapter: 3.1.8 (/opt/ros/humble/share/rosidl_adapter/cmake)
[0.690s] -- Found rosidl_generator_cpp: 3.1.8 (/opt/ros/humble/share/rosidl_generator_cpp/cmake)
[0.698s] -- Using all available rosidl_typesupport_c: rosidl_typesupport_fastrtps_c;rosidl_typesupport_introspection_c
[0.710s] -- Using all available rosidl_typesupport_cpp: rosidl_typesupport_fastrtps_cpp;rosidl_typesupport_introspection_cpp
[0.748s] -- Found rmw_implementation_cmake: 6.1.2 (/opt/ros/humble/share/rmw_implementation_cmake/cmake)
[0.751s] -- Found rmw_fastrtps_cpp: 6.2.9 (/opt/ros/humble/share/rmw_fastrtps_cpp/cmake)
[0.857s] -- Found OpenSSL: /usr/lib/x86_64-linux-gnu/libcrypto.so (found version "3.0.2")  
[0.889s] -- Found FastRTPS: /opt/ros/humble/include  
[0.930s] -- Using RMW implementation 'rmw_fastrtps_cpp' as default
[0.939s] -- Looking for pthread.h
[0.999s] -- Looking for pthread.h - found
[0.999s] -- Performing Test CMAKE_HAVE_LIBC_PTHREAD
[1.082s] -- Performing Test CMAKE_HAVE_LIBC_PTHREAD - Success
[1.083s] -- Found Threads: TRUE  
[1.121s] -- Found std_srvs: 4.9.0 (/opt/ros/humble/share/std_srvs/cmake)
[1.129s] -- Found geometry_msgs: 4.9.0 (/opt/ros/humble/share/geometry_msgs/cmake)
[1.139s] -- Found sensor_msgs: 4.9.0 (/opt/ros/humble/share/sensor_msgs/cmake)
[1.152s] -- Found nav_msgs: 4.9.0 (/opt/ros/humble/share/nav_msgs/cmake)
[1.165s] -- Found tf2: 0.25.18 (/opt/ros/humble/share/tf2/cmake)
[1.175s] -- Found tf2_ros: 0.25.18 (/opt/ros/humble/share/tf2_ros/cmake)
[1.237s] -- Found tf2_geometry_msgs: 0.25.18 (/opt/ros/humble/share/tf2_geometry_msgs/cmake)
[1.251s] -- Found eigen3_cmake_module: 0.1.1 (/opt/ros/humble/share/eigen3_cmake_module/cmake)
[1.252s] -- Found Eigen3: TRUE (found version "3.4.0") 
[1.252s] -- Ensuring Eigen3 include directory is part of orocos-kdl CMake target
[1.253s] -- Found aura_msgs: 0.1.0 (/home/aura/ws/install/aura_msgs/share/aura_msgs/cmake)
[1.265s] -- Found px4_msgs: 2.0.1 (/opt/px4_ros/install/px4_msgs/share/px4_msgs/cmake)
[1.335s] -- Configuring done
[1.351s] -- Generating done
[1.356s] -- Build files have been written to: /home/aura/ws/build/aura_px4_interface
[1.363s] Invoked command in '/home/aura/ws/build/aura_px4_interface' returned '0': CMAKE_PREFIX_PATH=/home/aura/ws/install/aura_msgs:/home/aura/ws/install/aura_trajectory:/home/aura/ws/install/aura_px4_interface:/opt/px4_ros/install/px4_ros_com:/opt/px4_ros/install/px4_msgs:/opt/ros/humble LD_LIBRARY_PATH=/home/aura/ws/install/aura_msgs/lib:/opt/px4_ros/install/px4_ros_com/lib:/opt/px4_ros/install/px4_msgs/lib:/usr/lib/x86_64-linux-gnu/gazebo-11/plugins:/opt/ros/humble/lib/x86_64-linux-gnu:/opt/ros/humble/lib:/opt/ns-allinone-3.40/ns-3.40/build/lib:/home/aura/PX4-Autopilot/build/px4_sitl_default/build_gazebo-classic /usr/bin/cmake /home/aura/ws/src/aura_px4_interface -DAMENT_CMAKE_SYMLINK_INSTALL=1 -DCMAKE_INSTALL_PREFIX=/home/aura/ws/install/aura_px4_interface
[1.364s] Invoking command in '/home/aura/ws/build/aura_px4_interface': CMAKE_PREFIX_PATH=/home/aura/ws/install/aura_msgs:/home/aura/ws/install/aura_trajectory:/home/aura/ws/install/aura_px4_interface:/opt/px4_ros/install/px4_ros_com:/opt/px4_ros/install/px4_msgs:/opt/ros/humble LD_LIBRARY_PATH=/home/aura/ws/install/aura_msgs/lib:/opt/px4_ros/install/px4_ros_com/lib:/opt/px4_ros/install/px4_msgs/lib:/usr/lib/x86_64-linux-gnu/gazebo-11/plugins:/opt/ros/humble/lib/x86_64-linux-gnu:/opt/ros/humble/lib:/opt/ns-allinone-3.40/ns-3.40/build/lib:/home/aura/PX4-Autopilot/build/px4_sitl_default/build_gazebo-classic /usr/bin/cmake --build /home/aura/ws/build/aura_px4_interface -- -j20 -l20
[1.407s] [ 37%] [32mBuilding CXX object CMakeFiles/px4_interface.dir/src/px4_interface.cpp.o[0m
[1.407s] [ 37%] [32mBuilding CXX object CMakeFiles/px4_interface.dir/src/vehicle_state.cpp.o[0m
[1.407s] [ 37%] [32mBuilding CXX object CMakeFiles/px4_interface.dir/src/offboard_controller.cpp.o[0m
[14.438s] [ 50%] [32m[1mLinking CXX static library libpx4_interface.a[0m
[14.720s] [ 50%] Built target px4_interface
[14.738s] [ 62%] [32mBuilding CXX object CMakeFiles/swarm_px4_manager_node.dir/src/swarm_px4_manager_node.cpp.o[0m
[14.740s] [ 75%] [32mBuilding CXX object CMakeFiles/px4_interface_node.dir/src/px4_interface_node.cpp.o[0m
[21.700s] [ 87%] [32m[1mLinking CXX executable px4_interface_node[0m
[21.715s] [100%] [32m[1mLinking CXX executable swarm_px4_manager_node[0m
[22.902s] [100%] Built target swarm_px4_manager_node
[22.921s] [100%] Built target px4_interface_node
[22.930s] Invoked command in '/home/aura/ws/build/aura_px4_interface' returned '0': CMAKE_PREFIX_PATH=/home/aura/ws/install/aura_msgs:/home/aura/ws/install/aura_trajectory:/home/aura/ws/install/aura_px4_interface:/opt/px4_ros/install/px4_ros_com:/opt/px4_ros/install/px4_msgs:/opt/ros/humble LD_LIBRARY_PATH=/home/aura/ws/install/aura_msgs/lib:/opt/px4_ros/install/px4_ros_com/lib:/opt/px4_ros/install/px4_msgs/lib:/usr/lib/x86_64-linux-gnu/gazebo-11/plugins:/opt/ros/humble/lib/x86_64-linux-gnu:/opt/ros/humble/lib:/opt/ns-allinone-3.40/ns-3.40/build/lib:/home/aura/PX4-Autopilot/build/px4_sitl_default/build_gazebo-classic /usr/bin/cmake --build /home/aura/ws/build/aura_px4_interface -- -j20 -l20
[22.931s] Invoking command in '/home/aura/ws/build/aura_px4_interface': CMAKE_PREFIX_PATH=/home/aura/ws/install/aura_msgs:/home/aura/ws/install/aura_trajectory:/home/aura/ws/install/aura_px4_interface:/opt/px4_ros/install/px4_ros_com:/opt/px4_ros/install/px4_msgs:/opt/ros/humble LD_LIBRARY_PATH=/home/aura/ws/install/aura_msgs/lib:/opt/px4_ros/install/px4_ros_com/lib:/opt/px4_ros/install/px4_msgs/lib:/usr/lib/x86_64-linux-gnu/gazebo-11/plugins:/opt/ros/humble/lib/x86_64-linux-gnu:/opt/ros/humble/lib:/opt/ns-allinone-3.40/ns-3.40/build/lib:/home/aura/PX4-Autopilot/build/px4_sitl_default/build_gazebo-classic /usr/bin/cmake --install /home/aura/ws/build/aura_px4_interface
[22.935s] -- Install configuration: ""
[22.936s] -- Execute custom install script
[22.936s] -- Symlinking: /home/aura/ws/install/aura_px4_interface/lib/aura_px4_interface/libpx4_interface.a
[22.944s] -- Symlinking: /home/aura/ws/install/aura_px4_interface/lib/aura_px4_interface/px4_interface_node
[22.949s] -- Symlinking: /home/aura/ws/install/aura_px4_interface/lib/aura_px4_interface/swarm_px4_manager_node
[22.955s] -- Symlinking: /home/aura/ws/install/aura_px4_interface/include/aura_px4_interface/offboard_controller.hpp
[22.963s] -- Symlinking: /home/aura/ws/install/aura_px4_interface/include/aura_px4_interface/px4_interface.hpp
[22.968s] -- Symlinking: /home/aura/ws/install/aura_px4_interface/include/aura_px4_interface/vehicle_state.hpp
[22.973s] -- Symlinking: /home/aura/ws/install/aura_px4_interface/share/aura_px4_interface/launch/px4_interface.launch.py
[22.981s] -- Symlinking: /home/aura/ws/install/aura_px4_interface/share/aura_px4_interface/launch/swarm_px4.launch.py
[22.987s] -- Symlinking: /home/aura/ws/install/aura_px4_interface/share/aura_px4_interface/config/px4_interface_params.yaml
[22.993s] -- Symlinking: /home/aura/ws/install/aura_px4_interface/share/ament_index/resource_index/package_run_dependencies/aura_px4_interface
[22.999s] -- Symlinking: /home/aura/ws/install/aura_px4_interface/share/ament_index/resource_index/parent_prefix_path/aura_px4_interface
[23.004s] -- Symlinking: /home/aura/ws/install/aura_px4_interface/share/aura_px4_interface/environment/ament_prefix_path.sh
[23.010s] -- Symlinking: /home/aura/ws/install/aura_px4_interface/share/aura_px4_interface/environment/ament_prefix_path.dsv
[23.015s] -- Symlinking: /home/aura/ws/install/aura_px4_interface/share/aura_px4_interface/environment/path.sh
[23.023s] -- Symlinking: /home/aura/ws/install/aura_px4_interface/share/aura_px4_interface/environment/path.dsv
[23.029s] -- Symlinking: /home/aura/ws/install/aura_px4_interface/share/aura_px4_interface/local_setup.bash
[23.035s] -- Symlinking: /home/aura/ws/install/aura_px4_interface/share/aura_px4_interface/local_setup.sh
[23.042s] -- Symlinking: /home/aura/ws/install/aura_px4_interface/share/aura_px4_interface/local_setup.zsh
[23.049s] -- Symlinking: /home/aura/ws/install/aura_px4_interface/share/aura_px4_interface/local_setup.dsv
[23.055s] -- Symlinking: /home/aura/ws/install/aura_px4_interface/share/aura_px4_interface/package.dsv
[23.061s] -- Symlinking: /home/aura/ws/install/aura_px4_interface/share/ament_index/resource_index/packages/aura_px4_interface
[23.068s] -- Symlinking: /home/aura/ws/install/aura_px4_interface/share/aura_px4_interface/cmake/aura_px4_interfaceConfig.cmake
[23.073s] -- Symlinking: /home/aura/ws/install/aura_px4_interface/share/aura_px4_interface/cmake/aura_px4_interfaceConfig-version.cmake
[23.080s] -- Symlinking: /home/aura/ws/install/aura_px4_interface/share/aura_px4_interface/package.xml
[23.089s] Invoked command in '/home/aura/ws/build/aura_px4_interface' returned '0': CMAKE_PREFIX_PATH=/home/aura/ws/install/aura_msgs:/home/aura/ws/install/aura_trajectory:/home/aura/ws/install/aura_px4_interface:/opt/px4_ros/install/px4_ros_com:/opt/px4_ros/install/px4_msgs:/opt/ros/humble LD_LIBRARY_PATH=/home/aura/ws/install/aura_msgs/lib:/opt/px4_ros/install/px4_ros_com/lib:/opt/px4_ros/install/px4_msgs/lib:/usr/lib/x86_64-linux-gnu/gazebo-11/plugins:/opt/ros/humble/lib/x86_64-linux-gnu:/opt/ros/humble/lib:/opt/ns-allinone-3.40/ns-3.40/build/lib:/home/aura/PX4-Autopilot/build/px4_sitl_default/build_gazebo-classic /usr/bin/cmake --install /home/aura/ws/build/aura_px4_interface
