[0.007s] Invoking command in '/home/aura/ws/build/aura_msgs': CMAKE_PREFIX_PATH=${CMAKE_PREFIX_PATH}:/opt/ros/humble /usr/bin/cmake /home/aura/ws/src/aura_msgs -DAMENT_CMAKE_SYMLINK_INSTALL=1 -DCMAKE_INSTALL_PREFIX=/home/aura/ws/install/aura_msgs
[0.082s] -- The C compiler identification is GNU 11.4.0
[0.142s] -- The CXX compiler identification is GNU 11.4.0
[0.153s] -- Detecting C compiler ABI info
[0.232s] -- Detecting C compiler ABI info - done
[0.240s] -- Check for working C compiler: /usr/bin/cc - skipped
[0.242s] -- Detecting C compile features
[0.243s] -- Detecting C compile features - done
[0.247s] -- Detecting CXX compiler ABI info
[0.337s] -- Detecting CXX compiler ABI info - done
[0.342s] -- Check for working CXX compiler: /usr/bin/c++ - skipped
[0.343s] -- Detecting CXX compile features
[0.343s] -- Detecting CXX compile features - done
[0.350s] -- Found ament_cmake: 1.3.12 (/opt/ros/humble/share/ament_cmake/cmake)
[0.629s] -- Found Python3: /usr/bin/python3 (found version "3.10.12") found components: Interpreter 
[0.679s] -- Override CMake install command with custom implementation using symlinks instead of copying resources
[0.706s] -- Found std_msgs: 4.9.0 (/opt/ros/humble/share/std_msgs/cmake)
[0.740s] -- Found rosidl_generator_c: 3.1.8 (/opt/ros/humble/share/rosidl_generator_c/cmake)
[0.745s] -- Found rosidl_adapter: 3.1.8 (/opt/ros/humble/share/rosidl_adapter/cmake)
[0.753s] -- Found rosidl_generator_cpp: 3.1.8 (/opt/ros/humble/share/rosidl_generator_cpp/cmake)
[0.764s] -- Using all available rosidl_typesupport_c: rosidl_typesupport_fastrtps_c;rosidl_typesupport_introspection_c
[0.778s] -- Using all available rosidl_typesupport_cpp: rosidl_typesupport_fastrtps_cpp;rosidl_typesupport_introspection_cpp
[0.798s] -- Found geometry_msgs: 4.9.0 (/opt/ros/humble/share/geometry_msgs/cmake)
[0.809s] -- Found rosidl_default_generators: 1.2.0 (/opt/ros/humble/share/rosidl_default_generators/cmake)
[1.150s] -- Found ament_cmake_ros: 0.10.0 (/opt/ros/humble/share/ament_cmake_ros/cmake)
[1.519s] -- Using all available rosidl_typesupport_c: rosidl_typesupport_fastrtps_c;rosidl_typesupport_introspection_c
[1.665s] -- Using all available rosidl_typesupport_cpp: rosidl_typesupport_fastrtps_cpp;rosidl_typesupport_introspection_cpp
[1.700s] -- Found PythonInterp: /usr/bin/python3 (found suitable version "3.10.12", minimum required is "3.6") 
[1.703s] -- Found python_cmake_module: 0.10.0 (/opt/ros/humble/share/python_cmake_module/cmake)
[1.739s] -- Found PythonLibs: /usr/lib/x86_64-linux-gnu/libpython3.10.so (found suitable version "3.10.12", minimum required is "3.5") 
[1.739s] -- Using PYTHON_EXECUTABLE: /usr/bin/python3
[1.739s] -- Using PYTHON_INCLUDE_DIRS: /usr/include/python3.10
[1.739s] -- Using PYTHON_LIBRARIES: /usr/lib/x86_64-linux-gnu/libpython3.10.so
[1.762s] -- Found PythonExtra: .so  
[1.923s] -- Using numpy include directory: /home/aura/.local/lib/python3.10/site-packages/numpy/core/include
[1.942s] -- Configuring done
[1.977s] -- Generating done
[1.985s] -- Build files have been written to: /home/aura/ws/build/aura_msgs
[1.992s] Invoked command in '/home/aura/ws/build/aura_msgs' returned '0': CMAKE_PREFIX_PATH=${CMAKE_PREFIX_PATH}:/opt/ros/humble /usr/bin/cmake /home/aura/ws/src/aura_msgs -DAMENT_CMAKE_SYMLINK_INSTALL=1 -DCMAKE_INSTALL_PREFIX=/home/aura/ws/install/aura_msgs
[1.994s] Invoking command in '/home/aura/ws/build/aura_msgs': CMAKE_PREFIX_PATH=${CMAKE_PREFIX_PATH}:/opt/ros/humble /usr/bin/cmake --build /home/aura/ws/build/aura_msgs -- -j20 -l20
[2.039s] [  1%] [34m[1mGenerating C code for ROS interfaces[0m
[2.047s] [  1%] [34m[1mGenerating C++ code for ROS interfaces[0m
[2.058s] [  1%] Built target ament_cmake_python_symlink_aura_msgs
[2.203s] running egg_info
[2.211s] creating aura_msgs.egg-info
[2.211s] writing aura_msgs.egg-info/PKG-INFO
[2.211s] writing dependency_links to aura_msgs.egg-info/dependency_links.txt
[2.211s] writing top-level names to aura_msgs.egg-info/top_level.txt
[2.211s] writing manifest file 'aura_msgs.egg-info/SOURCES.txt'
[2.235s] reading manifest file 'aura_msgs.egg-info/SOURCES.txt'
[2.236s] writing manifest file 'aura_msgs.egg-info/SOURCES.txt'
[2.260s] [  1%] Built target ament_cmake_python_build_aura_msgs_egg
[3.962s] [  1%] Built target aura_msgs__cpp
[3.969s] [  2%] [34m[1mGenerating C++ type support dispatch for ROS interfaces[0m
[3.971s] [  3%] [34m[1mGenerating C++ type support for eProsima Fast-RTPS[0m
[3.971s] [  3%] [34m[1mGenerating C++ introspection for ROS interfaces[0m
[3.987s] [  4%] [32mBuilding C object CMakeFiles/aura_msgs__rosidl_generator_c.dir/rosidl_generator_c/aura_msgs/msg/detail/trajectory_broadcast__functions.c.o[0m
[3.988s] [  5%] [32mBuilding C object CMakeFiles/aura_msgs__rosidl_generator_c.dir/rosidl_generator_c/aura_msgs/msg/detail/mission_status__functions.c.o[0m
[3.988s] [  5%] [32mBuilding C object CMakeFiles/aura_msgs__rosidl_generator_c.dir/rosidl_generator_c/aura_msgs/msg/detail/weather_zone__functions.c.o[0m
[3.989s] [  6%] [32mBuilding C object CMakeFiles/aura_msgs__rosidl_generator_c.dir/rosidl_generator_c/aura_msgs/msg/detail/swarm_state__functions.c.o[0m
[3.989s] [  6%] [32mBuilding C object CMakeFiles/aura_msgs__rosidl_generator_c.dir/rosidl_generator_c/aura_msgs/msg/detail/drone_state__functions.c.o[0m
[3.989s] [  7%] [32mBuilding C object CMakeFiles/aura_msgs__rosidl_generator_c.dir/rosidl_generator_c/aura_msgs/msg/detail/network_metrics__functions.c.o[0m
[3.990s] [  8%] [32mBuilding C object CMakeFiles/aura_msgs__rosidl_generator_c.dir/rosidl_generator_c/aura_msgs/srv/detail/emergency_stop__functions.c.o[0m
[3.990s] [  9%] [32mBuilding C object CMakeFiles/aura_msgs__rosidl_generator_c.dir/rosidl_generator_c/aura_msgs/msg/detail/coverage_goal__functions.c.o[0m
[3.990s] [ 10%] [32mBuilding C object CMakeFiles/aura_msgs__rosidl_generator_c.dir/rosidl_generator_c/aura_msgs/srv/detail/request_trajectory__functions.c.o[0m
[3.990s] [ 11%] [32mBuilding C object CMakeFiles/aura_msgs__rosidl_generator_c.dir/rosidl_generator_c/aura_msgs/msg/detail/coverage_map__functions.c.o[0m
[3.990s] [ 12%] [32mBuilding C object CMakeFiles/aura_msgs__rosidl_generator_c.dir/rosidl_generator_c/aura_msgs/srv/detail/set_formation__functions.c.o[0m
[3.992s] [ 13%] [32mBuilding C object CMakeFiles/aura_msgs__rosidl_generator_c.dir/rosidl_generator_c/aura_msgs/srv/detail/get_network_status__functions.c.o[0m
[3.992s] [ 13%] [32mBuilding C object CMakeFiles/aura_msgs__rosidl_generator_c.dir/rosidl_generator_c/aura_msgs/action/detail/execute_mission__functions.c.o[0m
[4.099s] [ 14%] [32m[1mLinking C shared library libaura_msgs__rosidl_generator_c.so[0m
[4.141s] [ 14%] Built target aura_msgs__rosidl_generator_c
[4.151s] [ 15%] [34m[1mGenerating C type support for eProsima Fast-RTPS[0m
[4.151s] [ 16%] [34m[1mGenerating C introspection for ROS interfaces[0m
[4.152s] [ 17%] [34m[1mGenerating C type support dispatch for ROS interfaces[0m
[5.601s] [ 19%] [32mBuilding CXX object CMakeFiles/aura_msgs__rosidl_typesupport_cpp.dir/rosidl_typesupport_cpp/aura_msgs/msg/swarm_state__type_support.cpp.o[0m
[5.601s] [ 19%] [32mBuilding CXX object CMakeFiles/aura_msgs__rosidl_typesupport_cpp.dir/rosidl_typesupport_cpp/aura_msgs/msg/coverage_goal__type_support.cpp.o[0m
[5.601s] [ 20%] [32mBuilding CXX object CMakeFiles/aura_msgs__rosidl_typesupport_cpp.dir/rosidl_typesupport_cpp/aura_msgs/msg/trajectory_broadcast__type_support.cpp.o[0m
[5.602s] [ 20%] [32mBuilding CXX object CMakeFiles/aura_msgs__rosidl_typesupport_cpp.dir/rosidl_typesupport_cpp/aura_msgs/msg/drone_state__type_support.cpp.o[0m
[5.602s] [ 20%] [32mBuilding CXX object CMakeFiles/aura_msgs__rosidl_typesupport_cpp.dir/rosidl_typesupport_cpp/aura_msgs/msg/mission_status__type_support.cpp.o[0m
[5.602s] [ 22%] [32mBuilding CXX object CMakeFiles/aura_msgs__rosidl_typesupport_cpp.dir/rosidl_typesupport_cpp/aura_msgs/srv/request_trajectory__type_support.cpp.o[0m
[5.603s] [ 22%] [32mBuilding CXX object CMakeFiles/aura_msgs__rosidl_typesupport_cpp.dir/rosidl_typesupport_cpp/aura_msgs/msg/network_metrics__type_support.cpp.o[0m
[5.603s] [ 23%] [32mBuilding CXX object CMakeFiles/aura_msgs__rosidl_typesupport_cpp.dir/rosidl_typesupport_cpp/aura_msgs/msg/coverage_map__type_support.cpp.o[0m
[5.603s] [ 24%] [32mBuilding CXX object CMakeFiles/aura_msgs__rosidl_typesupport_cpp.dir/rosidl_typesupport_cpp/aura_msgs/srv/emergency_stop__type_support.cpp.o[0m
[5.603s] [ 24%] [32mBuilding CXX object CMakeFiles/aura_msgs__rosidl_typesupport_cpp.dir/rosidl_typesupport_cpp/aura_msgs/action/execute_mission__type_support.cpp.o[0m
[5.603s] [ 25%] [32mBuilding CXX object CMakeFiles/aura_msgs__rosidl_typesupport_cpp.dir/rosidl_typesupport_cpp/aura_msgs/msg/weather_zone__type_support.cpp.o[0m
[5.603s] [ 26%] [32mBuilding CXX object CMakeFiles/aura_msgs__rosidl_typesupport_cpp.dir/rosidl_typesupport_cpp/aura_msgs/srv/get_network_status__type_support.cpp.o[0m
[5.604s] [ 27%] [32mBuilding CXX object CMakeFiles/aura_msgs__rosidl_typesupport_cpp.dir/rosidl_typesupport_cpp/aura_msgs/srv/set_formation__type_support.cpp.o[0m
[5.865s] [ 28%] [32mBuilding CXX object CMakeFiles/aura_msgs__rosidl_typesupport_introspection_cpp.dir/rosidl_typesupport_introspection_cpp/aura_msgs/msg/detail/drone_state__type_support.cpp.o[0m
[5.867s] [ 29%] [32mBuilding CXX object CMakeFiles/aura_msgs__rosidl_typesupport_introspection_cpp.dir/rosidl_typesupport_introspection_cpp/aura_msgs/msg/detail/swarm_state__type_support.cpp.o[0m
[5.867s] [ 30%] [32mBuilding CXX object CMakeFiles/aura_msgs__rosidl_typesupport_introspection_cpp.dir/rosidl_typesupport_introspection_cpp/aura_msgs/msg/detail/network_metrics__type_support.cpp.o[0m
[5.869s] [ 30%] [32mBuilding CXX object CMakeFiles/aura_msgs__rosidl_typesupport_introspection_cpp.dir/rosidl_typesupport_introspection_cpp/aura_msgs/msg/detail/coverage_goal__type_support.cpp.o[0m
[5.869s] [ 31%] [32mBuilding CXX object CMakeFiles/aura_msgs__rosidl_typesupport_introspection_cpp.dir/rosidl_typesupport_introspection_cpp/aura_msgs/msg/detail/trajectory_broadcast__type_support.cpp.o[0m
[5.876s] [ 32%] [32mBuilding CXX object CMakeFiles/aura_msgs__rosidl_typesupport_introspection_cpp.dir/rosidl_typesupport_introspection_cpp/aura_msgs/msg/detail/coverage_map__type_support.cpp.o[0m
[5.880s] [ 33%] [32mBuilding CXX object CMakeFiles/aura_msgs__rosidl_typesupport_introspection_cpp.dir/rosidl_typesupport_introspection_cpp/aura_msgs/msg/detail/weather_zone__type_support.cpp.o[0m
[5.881s] [ 34%] [32mBuilding CXX object CMakeFiles/aura_msgs__rosidl_typesupport_introspection_cpp.dir/rosidl_typesupport_introspection_cpp/aura_msgs/msg/detail/mission_status__type_support.cpp.o[0m
[5.883s] [ 35%] [32mBuilding CXX object CMakeFiles/aura_msgs__rosidl_typesupport_introspection_cpp.dir/rosidl_typesupport_introspection_cpp/aura_msgs/srv/detail/request_trajectory__type_support.cpp.o[0m
[5.887s] [ 35%] [32mBuilding CXX object CMakeFiles/aura_msgs__rosidl_typesupport_c.dir/rosidl_typesupport_c/aura_msgs/msg/drone_state__type_support.cpp.o[0m
[5.906s] [ 35%] [32mBuilding CXX object CMakeFiles/aura_msgs__rosidl_typesupport_introspection_cpp.dir/rosidl_typesupport_introspection_cpp/aura_msgs/srv/detail/emergency_stop__type_support.cpp.o[0m
[5.906s] [ 36%] [32mBuilding CXX object CMakeFiles/aura_msgs__rosidl_typesupport_c.dir/rosidl_typesupport_c/aura_msgs/msg/swarm_state__type_support.cpp.o[0m
[5.911s] [ 37%] [32mBuilding CXX object CMakeFiles/aura_msgs__rosidl_typesupport_c.dir/rosidl_typesupport_c/aura_msgs/msg/trajectory_broadcast__type_support.cpp.o[0m
[5.914s] [ 38%] [32mBuilding CXX object CMakeFiles/aura_msgs__rosidl_typesupport_introspection_cpp.dir/rosidl_typesupport_introspection_cpp/aura_msgs/srv/detail/set_formation__type_support.cpp.o[0m
[5.920s] [ 39%] [32mBuilding CXX object CMakeFiles/aura_msgs__rosidl_typesupport_introspection_cpp.dir/rosidl_typesupport_introspection_cpp/aura_msgs/srv/detail/get_network_status__type_support.cpp.o[0m
[5.927s] [ 41%] [32mBuilding CXX object CMakeFiles/aura_msgs__rosidl_typesupport_c.dir/rosidl_typesupport_c/aura_msgs/msg/coverage_goal__type_support.cpp.o[0m
[5.927s] [ 41%] [32mBuilding CXX object CMakeFiles/aura_msgs__rosidl_typesupport_c.dir/rosidl_typesupport_c/aura_msgs/msg/network_metrics__type_support.cpp.o[0m
[5.937s] [ 41%] [32mBuilding CXX object CMakeFiles/aura_msgs__rosidl_typesupport_c.dir/rosidl_typesupport_c/aura_msgs/msg/coverage_map__type_support.cpp.o[0m
[5.942s] [ 42%] [32mBuilding CXX object CMakeFiles/aura_msgs__rosidl_typesupport_introspection_cpp.dir/rosidl_typesupport_introspection_cpp/aura_msgs/action/detail/execute_mission__type_support.cpp.o[0m
[5.958s] [ 43%] [32mBuilding CXX object CMakeFiles/aura_msgs__rosidl_typesupport_c.dir/rosidl_typesupport_c/aura_msgs/msg/weather_zone__type_support.cpp.o[0m
[5.960s] [ 44%] [32mBuilding CXX object CMakeFiles/aura_msgs__rosidl_typesupport_c.dir/rosidl_typesupport_c/aura_msgs/msg/mission_status__type_support.cpp.o[0m
[5.972s] [ 45%] [32mBuilding CXX object CMakeFiles/aura_msgs__rosidl_typesupport_c.dir/rosidl_typesupport_c/aura_msgs/srv/request_trajectory__type_support.cpp.o[0m
[5.993s] [ 46%] [32mBuilding CXX object CMakeFiles/aura_msgs__rosidl_typesupport_c.dir/rosidl_typesupport_c/aura_msgs/srv/emergency_stop__type_support.cpp.o[0m
[5.994s] [ 46%] [32mBuilding CXX object CMakeFiles/aura_msgs__rosidl_typesupport_c.dir/rosidl_typesupport_c/aura_msgs/srv/set_formation__type_support.cpp.o[0m
[6.032s] [ 47%] [32mBuilding CXX object CMakeFiles/aura_msgs__rosidl_typesupport_c.dir/rosidl_typesupport_c/aura_msgs/srv/get_network_status__type_support.cpp.o[0m
[6.042s] [ 48%] [32mBuilding CXX object CMakeFiles/aura_msgs__rosidl_typesupport_c.dir/rosidl_typesupport_c/aura_msgs/action/execute_mission__type_support.cpp.o[0m
[6.077s] [ 49%] [32m[1mLinking CXX shared library libaura_msgs__rosidl_typesupport_cpp.so[0m
[6.098s] [ 50%] [32m[1mLinking CXX shared library libaura_msgs__rosidl_typesupport_c.so[0m
[6.115s] [ 52%] [32mBuilding CXX object CMakeFiles/aura_msgs__rosidl_typesupport_fastrtps_cpp.dir/rosidl_typesupport_fastrtps_cpp/aura_msgs/msg/detail/dds_fastrtps/swarm_state__type_support.cpp.o[0m
[6.115s] [ 52%] [32mBuilding CXX object CMakeFiles/aura_msgs__rosidl_typesupport_fastrtps_cpp.dir/rosidl_typesupport_fastrtps_cpp/aura_msgs/msg/detail/dds_fastrtps/drone_state__type_support.cpp.o[0m
[6.115s] [ 53%] [32mBuilding CXX object CMakeFiles/aura_msgs__rosidl_typesupport_fastrtps_cpp.dir/rosidl_typesupport_fastrtps_cpp/aura_msgs/msg/detail/dds_fastrtps/trajectory_broadcast__type_support.cpp.o[0m
[6.127s] [ 53%] Built target aura_msgs__rosidl_typesupport_cpp
[6.141s] [ 53%] [32mBuilding CXX object CMakeFiles/aura_msgs__rosidl_typesupport_fastrtps_cpp.dir/rosidl_typesupport_fastrtps_cpp/aura_msgs/msg/detail/dds_fastrtps/network_metrics__type_support.cpp.o[0m
[6.156s] [ 53%] Built target aura_msgs__rosidl_typesupport_c
[6.167s] [ 54%] [32mBuilding CXX object CMakeFiles/aura_msgs__rosidl_typesupport_fastrtps_cpp.dir/rosidl_typesupport_fastrtps_cpp/aura_msgs/msg/detail/dds_fastrtps/coverage_goal__type_support.cpp.o[0m
[6.231s] [ 55%] [32mBuilding CXX object CMakeFiles/aura_msgs__rosidl_typesupport_fastrtps_cpp.dir/rosidl_typesupport_fastrtps_cpp/aura_msgs/msg/detail/dds_fastrtps/coverage_map__type_support.cpp.o[0m
[6.249s] [ 56%] [32mBuilding CXX object CMakeFiles/aura_msgs__rosidl_typesupport_fastrtps_cpp.dir/rosidl_typesupport_fastrtps_cpp/aura_msgs/msg/detail/dds_fastrtps/weather_zone__type_support.cpp.o[0m
[6.253s] [ 57%] [32mBuilding CXX object CMakeFiles/aura_msgs__rosidl_typesupport_fastrtps_cpp.dir/rosidl_typesupport_fastrtps_cpp/aura_msgs/msg/detail/dds_fastrtps/mission_status__type_support.cpp.o[0m
[6.279s] [ 57%] [32mBuilding CXX object CMakeFiles/aura_msgs__rosidl_typesupport_fastrtps_cpp.dir/rosidl_typesupport_fastrtps_cpp/aura_msgs/srv/detail/dds_fastrtps/request_trajectory__type_support.cpp.o[0m
[6.325s] [ 58%] [32mBuilding CXX object CMakeFiles/aura_msgs__rosidl_typesupport_fastrtps_cpp.dir/rosidl_typesupport_fastrtps_cpp/aura_msgs/srv/detail/dds_fastrtps/emergency_stop__type_support.cpp.o[0m
[6.373s] [ 59%] [32mBuilding CXX object CMakeFiles/aura_msgs__rosidl_typesupport_fastrtps_cpp.dir/rosidl_typesupport_fastrtps_cpp/aura_msgs/srv/detail/dds_fastrtps/set_formation__type_support.cpp.o[0m
[6.374s] [ 60%] [32mBuilding CXX object CMakeFiles/aura_msgs__rosidl_typesupport_fastrtps_cpp.dir/rosidl_typesupport_fastrtps_cpp/aura_msgs/srv/detail/dds_fastrtps/get_network_status__type_support.cpp.o[0m
[6.403s] [ 61%] [32mBuilding CXX object CMakeFiles/aura_msgs__rosidl_typesupport_fastrtps_cpp.dir/rosidl_typesupport_fastrtps_cpp/aura_msgs/action/detail/dds_fastrtps/execute_mission__type_support.cpp.o[0m
[6.430s] [ 62%] [32mBuilding C object CMakeFiles/aura_msgs__rosidl_typesupport_introspection_c.dir/rosidl_typesupport_introspection_c/aura_msgs/msg/detail/drone_state__type_support.c.o[0m
[6.456s] [ 63%] [32mBuilding C object CMakeFiles/aura_msgs__rosidl_typesupport_introspection_c.dir/rosidl_typesupport_introspection_c/aura_msgs/msg/detail/swarm_state__type_support.c.o[0m
[6.460s] [ 63%] [32mBuilding C object CMakeFiles/aura_msgs__rosidl_typesupport_introspection_c.dir/rosidl_typesupport_introspection_c/aura_msgs/msg/detail/trajectory_broadcast__type_support.c.o[0m
[6.470s] [ 64%] [32mBuilding C object CMakeFiles/aura_msgs__rosidl_typesupport_introspection_c.dir/rosidl_typesupport_introspection_c/aura_msgs/msg/detail/network_metrics__type_support.c.o[0m
[6.474s] [ 65%] [32mBuilding C object CMakeFiles/aura_msgs__rosidl_typesupport_introspection_c.dir/rosidl_typesupport_introspection_c/aura_msgs/msg/detail/coverage_goal__type_support.c.o[0m
[6.485s] [ 66%] [32mBuilding C object CMakeFiles/aura_msgs__rosidl_typesupport_introspection_c.dir/rosidl_typesupport_introspection_c/aura_msgs/msg/detail/coverage_map__type_support.c.o[0m
[6.501s] [ 67%] [32mBuilding C object CMakeFiles/aura_msgs__rosidl_typesupport_introspection_c.dir/rosidl_typesupport_introspection_c/aura_msgs/msg/detail/weather_zone__type_support.c.o[0m
[6.507s] [ 67%] [32mBuilding C object CMakeFiles/aura_msgs__rosidl_typesupport_introspection_c.dir/rosidl_typesupport_introspection_c/aura_msgs/msg/detail/mission_status__type_support.c.o[0m
[6.510s] [ 68%] [32mBuilding C object CMakeFiles/aura_msgs__rosidl_typesupport_introspection_c.dir/rosidl_typesupport_introspection_c/aura_msgs/srv/detail/request_trajectory__type_support.c.o[0m
[6.531s] [ 69%] [32mBuilding CXX object CMakeFiles/aura_msgs__rosidl_typesupport_fastrtps_c.dir/rosidl_typesupport_fastrtps_c/aura_msgs/msg/detail/drone_state__type_support_c.cpp.o[0m
[6.539s] [ 70%] [32mBuilding C object CMakeFiles/aura_msgs__rosidl_typesupport_introspection_c.dir/rosidl_typesupport_introspection_c/aura_msgs/srv/detail/emergency_stop__type_support.c.o[0m
[6.540s] [ 71%] [32mBuilding C object CMakeFiles/aura_msgs__rosidl_typesupport_introspection_c.dir/rosidl_typesupport_introspection_c/aura_msgs/srv/detail/set_formation__type_support.c.o[0m
[6.550s] [ 72%] [32mBuilding C object CMakeFiles/aura_msgs__rosidl_typesupport_introspection_c.dir/rosidl_typesupport_introspection_c/aura_msgs/srv/detail/get_network_status__type_support.c.o[0m
[6.553s] [ 72%] [32mBuilding CXX object CMakeFiles/aura_msgs__rosidl_typesupport_fastrtps_c.dir/rosidl_typesupport_fastrtps_c/aura_msgs/msg/detail/swarm_state__type_support_c.cpp.o[0m
[6.553s] [ 73%] [32mBuilding CXX object CMakeFiles/aura_msgs__rosidl_typesupport_fastrtps_c.dir/rosidl_typesupport_fastrtps_c/aura_msgs/msg/detail/trajectory_broadcast__type_support_c.cpp.o[0m
[6.554s] [ 73%] [32mBuilding C object CMakeFiles/aura_msgs__rosidl_typesupport_introspection_c.dir/rosidl_typesupport_introspection_c/aura_msgs/action/detail/execute_mission__type_support.c.o[0m
[6.582s] [ 74%] [32mBuilding CXX object CMakeFiles/aura_msgs__rosidl_typesupport_fastrtps_c.dir/rosidl_typesupport_fastrtps_c/aura_msgs/msg/detail/network_metrics__type_support_c.cpp.o[0m
[6.588s] [ 75%] [32mBuilding CXX object CMakeFiles/aura_msgs__rosidl_typesupport_fastrtps_c.dir/rosidl_typesupport_fastrtps_c/aura_msgs/msg/detail/coverage_goal__type_support_c.cpp.o[0m
[6.596s] [ 76%] [32mBuilding CXX object CMakeFiles/aura_msgs__rosidl_typesupport_fastrtps_c.dir/rosidl_typesupport_fastrtps_c/aura_msgs/msg/detail/coverage_map__type_support_c.cpp.o[0m
[6.597s] [ 76%] [32mBuilding CXX object CMakeFiles/aura_msgs__rosidl_typesupport_fastrtps_c.dir/rosidl_typesupport_fastrtps_c/aura_msgs/msg/detail/weather_zone__type_support_c.cpp.o[0m
[6.601s] [ 77%] [32mBuilding CXX object CMakeFiles/aura_msgs__rosidl_typesupport_fastrtps_c.dir/rosidl_typesupport_fastrtps_c/aura_msgs/msg/detail/mission_status__type_support_c.cpp.o[0m
[6.613s] [ 78%] [32m[1mLinking C shared library libaura_msgs__rosidl_typesupport_introspection_c.so[0m
[6.617s] [ 79%] [32m[1mLinking CXX shared library libaura_msgs__rosidl_typesupport_introspection_cpp.so[0m
[6.641s] [ 80%] [32mBuilding CXX object CMakeFiles/aura_msgs__rosidl_typesupport_fastrtps_c.dir/rosidl_typesupport_fastrtps_c/aura_msgs/srv/detail/request_trajectory__type_support_c.cpp.o[0m
[6.644s] [ 81%] [32mBuilding CXX object CMakeFiles/aura_msgs__rosidl_typesupport_fastrtps_c.dir/rosidl_typesupport_fastrtps_c/aura_msgs/srv/detail/emergency_stop__type_support_c.cpp.o[0m
[6.651s] [ 81%] Built target aura_msgs__rosidl_typesupport_introspection_c
[6.661s] [ 82%] [32mBuilding CXX object CMakeFiles/aura_msgs__rosidl_typesupport_fastrtps_c.dir/rosidl_typesupport_fastrtps_c/aura_msgs/srv/detail/set_formation__type_support_c.cpp.o[0m
[6.680s] [ 82%] [32mBuilding CXX object CMakeFiles/aura_msgs__rosidl_typesupport_fastrtps_c.dir/rosidl_typesupport_fastrtps_c/aura_msgs/srv/detail/get_network_status__type_support_c.cpp.o[0m
[6.725s] [ 83%] [32mBuilding CXX object CMakeFiles/aura_msgs__rosidl_typesupport_fastrtps_c.dir/rosidl_typesupport_fastrtps_c/aura_msgs/action/detail/execute_mission__type_support_c.cpp.o[0m
[6.726s] [ 83%] Built target aura_msgs__rosidl_typesupport_introspection_cpp
[6.975s] [ 83%] [32m[1mLinking CXX shared library libaura_msgs__rosidl_typesupport_fastrtps_cpp.so[0m
[7.031s] [ 84%] [32m[1mLinking CXX shared library libaura_msgs__rosidl_typesupport_fastrtps_c.so[0m
[7.044s] [ 84%] Built target aura_msgs__rosidl_typesupport_fastrtps_cpp
[7.089s] [ 84%] Built target aura_msgs__rosidl_typesupport_fastrtps_c
[7.114s] [ 84%] Built target aura_msgs
[7.140s] [ 85%] [34m[1mGenerating Python code for ROS interfaces[0m
[10.820s] [ 85%] Built target aura_msgs__py
[10.843s] [ 85%] [32mBuilding C object CMakeFiles/aura_msgs__rosidl_generator_py.dir/rosidl_generator_py/aura_msgs/msg/_swarm_state_s.c.o[0m
[10.846s] [ 86%] [32mBuilding C object CMakeFiles/aura_msgs__rosidl_generator_py.dir/rosidl_generator_py/aura_msgs/msg/_coverage_map_s.c.o[0m
[10.846s] [ 88%] [32mBuilding C object CMakeFiles/aura_msgs__rosidl_generator_py.dir/rosidl_generator_py/aura_msgs/msg/_drone_state_s.c.o[0m
[10.847s] [ 88%] [32mBuilding C object CMakeFiles/aura_msgs__rosidl_generator_py.dir/rosidl_generator_py/aura_msgs/msg/_network_metrics_s.c.o[0m
[10.847s] [ 89%] [32mBuilding C object CMakeFiles/aura_msgs__rosidl_generator_py.dir/rosidl_generator_py/aura_msgs/msg/_coverage_goal_s.c.o[0m
[10.847s] [ 90%] [32mBuilding C object CMakeFiles/aura_msgs__rosidl_generator_py.dir/rosidl_generator_py/aura_msgs/srv/_emergency_stop_s.c.o[0m
[10.847s] [ 91%] [32mBuilding C object CMakeFiles/aura_msgs__rosidl_generator_py.dir/rosidl_generator_py/aura_msgs/msg/_trajectory_broadcast_s.c.o[0m
[10.848s] [ 91%] [32mBuilding C object CMakeFiles/aura_msgs__rosidl_generator_py.dir/rosidl_generator_py/aura_msgs/srv/_get_network_status_s.c.o[0m
[10.849s] [ 92%] [32mBuilding C object CMakeFiles/aura_msgs__rosidl_generator_py.dir/rosidl_generator_py/aura_msgs/msg/_mission_status_s.c.o[0m
[10.850s] [ 93%] [32mBuilding C object CMakeFiles/aura_msgs__rosidl_generator_py.dir/rosidl_generator_py/aura_msgs/action/_execute_mission_s.c.o[0m
[10.850s] [ 93%] [32mBuilding C object CMakeFiles/aura_msgs__rosidl_generator_py.dir/rosidl_generator_py/aura_msgs/msg/_weather_zone_s.c.o[0m
[10.850s] [ 94%] [32mBuilding C object CMakeFiles/aura_msgs__rosidl_generator_py.dir/rosidl_generator_py/aura_msgs/srv/_request_trajectory_s.c.o[0m
[10.851s] [ 95%] [32mBuilding C object CMakeFiles/aura_msgs__rosidl_generator_py.dir/rosidl_generator_py/aura_msgs/srv/_set_formation_s.c.o[0m
[11.009s] [ 96%] [32m[1mLinking C shared library rosidl_generator_py/aura_msgs/libaura_msgs__rosidl_generator_py.so[0m
[11.068s] [ 96%] Built target aura_msgs__rosidl_generator_py
[11.095s] [ 97%] [32mBuilding C object CMakeFiles/aura_msgs__rosidl_typesupport_introspection_c__pyext.dir/rosidl_generator_py/aura_msgs/_aura_msgs_s.ep.rosidl_typesupport_introspection_c.c.o[0m
[11.096s] [ 98%] [32mBuilding C object CMakeFiles/aura_msgs__rosidl_typesupport_c__pyext.dir/rosidl_generator_py/aura_msgs/_aura_msgs_s.ep.rosidl_typesupport_c.c.o[0m
[11.098s] [ 99%] [32mBuilding C object CMakeFiles/aura_msgs__rosidl_typesupport_fastrtps_c__pyext.dir/rosidl_generator_py/aura_msgs/_aura_msgs_s.ep.rosidl_typesupport_fastrtps_c.c.o[0m
[11.211s] [ 99%] [32m[1mLinking C shared library rosidl_generator_py/aura_msgs/aura_msgs_s__rosidl_typesupport_c.cpython-310-x86_64-linux-gnu.so[0m
[11.212s] [100%] [32m[1mLinking C shared library rosidl_generator_py/aura_msgs/aura_msgs_s__rosidl_typesupport_introspection_c.cpython-310-x86_64-linux-gnu.so[0m
[11.216s] [100%] [32m[1mLinking C shared library rosidl_generator_py/aura_msgs/aura_msgs_s__rosidl_typesupport_fastrtps_c.cpython-310-x86_64-linux-gnu.so[0m
[11.248s] [100%] Built target aura_msgs__rosidl_typesupport_c__pyext
[11.252s] [100%] Built target aura_msgs__rosidl_typesupport_introspection_c__pyext
[11.253s] [100%] Built target aura_msgs__rosidl_typesupport_fastrtps_c__pyext
[11.264s] Invoked command in '/home/aura/ws/build/aura_msgs' returned '0': CMAKE_PREFIX_PATH=${CMAKE_PREFIX_PATH}:/opt/ros/humble /usr/bin/cmake --build /home/aura/ws/build/aura_msgs -- -j20 -l20
[11.277s] Invoking command in '/home/aura/ws/build/aura_msgs': CMAKE_PREFIX_PATH=${CMAKE_PREFIX_PATH}:/opt/ros/humble /usr/bin/cmake --install /home/aura/ws/build/aura_msgs
[11.287s] -- Install configuration: ""
[11.288s] -- Execute custom install script
[11.288s] -- Symlinking: /home/aura/ws/install/aura_msgs/share/ament_index/resource_index/rosidl_interfaces/aura_msgs
[11.299s] -- Symlinking: /home/aura/ws/install/aura_msgs/include/aura_msgs/aura_msgs/action/detail/execute_mission__functions.h
[11.308s] -- Symlinking: /home/aura/ws/install/aura_msgs/include/aura_msgs/aura_msgs/action/detail/execute_mission__struct.h
[11.317s] -- Symlinking: /home/aura/ws/install/aura_msgs/include/aura_msgs/aura_msgs/action/detail/execute_mission__type_support.h
[11.327s] -- Symlinking: /home/aura/ws/install/aura_msgs/include/aura_msgs/aura_msgs/action/execute_mission.h
[11.337s] -- Symlinking: /home/aura/ws/install/aura_msgs/include/aura_msgs/aura_msgs/msg/coverage_goal.h
[11.347s] -- Symlinking: /home/aura/ws/install/aura_msgs/include/aura_msgs/aura_msgs/msg/coverage_map.h
[11.357s] -- Symlinking: /home/aura/ws/install/aura_msgs/include/aura_msgs/aura_msgs/msg/detail/coverage_goal__functions.h
[11.366s] -- Symlinking: /home/aura/ws/install/aura_msgs/include/aura_msgs/aura_msgs/msg/detail/coverage_goal__struct.h
[11.375s] -- Symlinking: /home/aura/ws/install/aura_msgs/include/aura_msgs/aura_msgs/msg/detail/coverage_goal__type_support.h
[11.383s] -- Symlinking: /home/aura/ws/install/aura_msgs/include/aura_msgs/aura_msgs/msg/detail/coverage_map__functions.h
[11.393s] -- Symlinking: /home/aura/ws/install/aura_msgs/include/aura_msgs/aura_msgs/msg/detail/coverage_map__struct.h
[11.400s] -- Symlinking: /home/aura/ws/install/aura_msgs/include/aura_msgs/aura_msgs/msg/detail/coverage_map__type_support.h
[11.408s] -- Symlinking: /home/aura/ws/install/aura_msgs/include/aura_msgs/aura_msgs/msg/detail/drone_state__functions.h
[11.417s] -- Symlinking: /home/aura/ws/install/aura_msgs/include/aura_msgs/aura_msgs/msg/detail/drone_state__struct.h
[11.427s] -- Symlinking: /home/aura/ws/install/aura_msgs/include/aura_msgs/aura_msgs/msg/detail/drone_state__type_support.h
[11.436s] -- Symlinking: /home/aura/ws/install/aura_msgs/include/aura_msgs/aura_msgs/msg/detail/mission_status__functions.h
[11.446s] -- Symlinking: /home/aura/ws/install/aura_msgs/include/aura_msgs/aura_msgs/msg/detail/mission_status__struct.h
[11.456s] -- Symlinking: /home/aura/ws/install/aura_msgs/include/aura_msgs/aura_msgs/msg/detail/mission_status__type_support.h
[11.464s] -- Symlinking: /home/aura/ws/install/aura_msgs/include/aura_msgs/aura_msgs/msg/detail/network_metrics__functions.h
[11.471s] -- Symlinking: /home/aura/ws/install/aura_msgs/include/aura_msgs/aura_msgs/msg/detail/network_metrics__struct.h
[11.479s] -- Symlinking: /home/aura/ws/install/aura_msgs/include/aura_msgs/aura_msgs/msg/detail/network_metrics__type_support.h
[11.488s] -- Symlinking: /home/aura/ws/install/aura_msgs/include/aura_msgs/aura_msgs/msg/detail/swarm_state__functions.h
[11.497s] -- Symlinking: /home/aura/ws/install/aura_msgs/include/aura_msgs/aura_msgs/msg/detail/swarm_state__struct.h
[11.506s] -- Symlinking: /home/aura/ws/install/aura_msgs/include/aura_msgs/aura_msgs/msg/detail/swarm_state__type_support.h
[11.514s] -- Symlinking: /home/aura/ws/install/aura_msgs/include/aura_msgs/aura_msgs/msg/detail/trajectory_broadcast__functions.h
[11.522s] -- Symlinking: /home/aura/ws/install/aura_msgs/include/aura_msgs/aura_msgs/msg/detail/trajectory_broadcast__struct.h
[11.531s] -- Symlinking: /home/aura/ws/install/aura_msgs/include/aura_msgs/aura_msgs/msg/detail/trajectory_broadcast__type_support.h
[11.539s] -- Symlinking: /home/aura/ws/install/aura_msgs/include/aura_msgs/aura_msgs/msg/detail/weather_zone__functions.h
[11.548s] -- Symlinking: /home/aura/ws/install/aura_msgs/include/aura_msgs/aura_msgs/msg/detail/weather_zone__struct.h
[11.556s] -- Symlinking: /home/aura/ws/install/aura_msgs/include/aura_msgs/aura_msgs/msg/detail/weather_zone__type_support.h
[11.565s] -- Symlinking: /home/aura/ws/install/aura_msgs/include/aura_msgs/aura_msgs/msg/drone_state.h
[11.575s] -- Symlinking: /home/aura/ws/install/aura_msgs/include/aura_msgs/aura_msgs/msg/mission_status.h
[11.585s] -- Symlinking: /home/aura/ws/install/aura_msgs/include/aura_msgs/aura_msgs/msg/network_metrics.h
[11.592s] -- Symlinking: /home/aura/ws/install/aura_msgs/include/aura_msgs/aura_msgs/msg/rosidl_generator_c__visibility_control.h
[11.603s] -- Symlinking: /home/aura/ws/install/aura_msgs/include/aura_msgs/aura_msgs/msg/swarm_state.h
[11.615s] -- Symlinking: /home/aura/ws/install/aura_msgs/include/aura_msgs/aura_msgs/msg/trajectory_broadcast.h
[11.627s] -- Symlinking: /home/aura/ws/install/aura_msgs/include/aura_msgs/aura_msgs/msg/weather_zone.h
[11.638s] -- Symlinking: /home/aura/ws/install/aura_msgs/include/aura_msgs/aura_msgs/srv/detail/emergency_stop__functions.h
[11.649s] -- Symlinking: /home/aura/ws/install/aura_msgs/include/aura_msgs/aura_msgs/srv/detail/emergency_stop__struct.h
[11.659s] -- Symlinking: /home/aura/ws/install/aura_msgs/include/aura_msgs/aura_msgs/srv/detail/emergency_stop__type_support.h
[11.670s] -- Symlinking: /home/aura/ws/install/aura_msgs/include/aura_msgs/aura_msgs/srv/detail/get_network_status__functions.h
[11.679s] -- Symlinking: /home/aura/ws/install/aura_msgs/include/aura_msgs/aura_msgs/srv/detail/get_network_status__struct.h
[11.687s] -- Symlinking: /home/aura/ws/install/aura_msgs/include/aura_msgs/aura_msgs/srv/detail/get_network_status__type_support.h
[11.696s] -- Symlinking: /home/aura/ws/install/aura_msgs/include/aura_msgs/aura_msgs/srv/detail/request_trajectory__functions.h
[11.703s] -- Symlinking: /home/aura/ws/install/aura_msgs/include/aura_msgs/aura_msgs/srv/detail/request_trajectory__struct.h
[11.713s] -- Symlinking: /home/aura/ws/install/aura_msgs/include/aura_msgs/aura_msgs/srv/detail/request_trajectory__type_support.h
[11.722s] -- Symlinking: /home/aura/ws/install/aura_msgs/include/aura_msgs/aura_msgs/srv/detail/set_formation__functions.h
[11.731s] -- Symlinking: /home/aura/ws/install/aura_msgs/include/aura_msgs/aura_msgs/srv/detail/set_formation__struct.h
[11.737s] -- Symlinking: /home/aura/ws/install/aura_msgs/include/aura_msgs/aura_msgs/srv/detail/set_formation__type_support.h
[11.744s] -- Symlinking: /home/aura/ws/install/aura_msgs/include/aura_msgs/aura_msgs/srv/emergency_stop.h
[11.751s] -- Symlinking: /home/aura/ws/install/aura_msgs/include/aura_msgs/aura_msgs/srv/get_network_status.h
[11.758s] -- Symlinking: /home/aura/ws/install/aura_msgs/include/aura_msgs/aura_msgs/srv/request_trajectory.h
[11.768s] -- Symlinking: /home/aura/ws/install/aura_msgs/include/aura_msgs/aura_msgs/srv/set_formation.h
[11.774s] -- Symlinking: /home/aura/ws/install/aura_msgs/share/aura_msgs/environment/library_path.sh
[11.781s] -- Symlinking: /home/aura/ws/install/aura_msgs/share/aura_msgs/environment/library_path.dsv
[11.790s] -- Symlinking: /home/aura/ws/install/aura_msgs/include/aura_msgs/aura_msgs/action/detail/execute_mission__rosidl_typesupport_fastrtps_c.h
[11.796s] -- Symlinking: /home/aura/ws/install/aura_msgs/include/aura_msgs/aura_msgs/msg/detail/coverage_goal__rosidl_typesupport_fastrtps_c.h
[11.802s] -- Symlinking: /home/aura/ws/install/aura_msgs/include/aura_msgs/aura_msgs/msg/detail/coverage_map__rosidl_typesupport_fastrtps_c.h
[11.808s] -- Symlinking: /home/aura/ws/install/aura_msgs/include/aura_msgs/aura_msgs/msg/detail/drone_state__rosidl_typesupport_fastrtps_c.h
[11.815s] -- Symlinking: /home/aura/ws/install/aura_msgs/include/aura_msgs/aura_msgs/msg/detail/mission_status__rosidl_typesupport_fastrtps_c.h
[11.821s] -- Symlinking: /home/aura/ws/install/aura_msgs/include/aura_msgs/aura_msgs/msg/detail/network_metrics__rosidl_typesupport_fastrtps_c.h
[11.826s] -- Symlinking: /home/aura/ws/install/aura_msgs/include/aura_msgs/aura_msgs/msg/detail/swarm_state__rosidl_typesupport_fastrtps_c.h
[11.834s] -- Symlinking: /home/aura/ws/install/aura_msgs/include/aura_msgs/aura_msgs/msg/detail/trajectory_broadcast__rosidl_typesupport_fastrtps_c.h
[11.840s] -- Symlinking: /home/aura/ws/install/aura_msgs/include/aura_msgs/aura_msgs/msg/detail/weather_zone__rosidl_typesupport_fastrtps_c.h
[11.846s] -- Symlinking: /home/aura/ws/install/aura_msgs/include/aura_msgs/aura_msgs/msg/rosidl_typesupport_fastrtps_c__visibility_control.h
[11.854s] -- Symlinking: /home/aura/ws/install/aura_msgs/include/aura_msgs/aura_msgs/srv/detail/emergency_stop__rosidl_typesupport_fastrtps_c.h
[11.859s] -- Symlinking: /home/aura/ws/install/aura_msgs/include/aura_msgs/aura_msgs/srv/detail/get_network_status__rosidl_typesupport_fastrtps_c.h
[11.865s] -- Symlinking: /home/aura/ws/install/aura_msgs/include/aura_msgs/aura_msgs/srv/detail/request_trajectory__rosidl_typesupport_fastrtps_c.h
[11.871s] -- Symlinking: /home/aura/ws/install/aura_msgs/include/aura_msgs/aura_msgs/srv/detail/set_formation__rosidl_typesupport_fastrtps_c.h
[11.880s] -- Symlinking: /home/aura/ws/install/aura_msgs/include/aura_msgs/aura_msgs/action/detail/execute_mission__builder.hpp
[11.888s] -- Symlinking: /home/aura/ws/install/aura_msgs/include/aura_msgs/aura_msgs/action/detail/execute_mission__struct.hpp
[11.896s] -- Symlinking: /home/aura/ws/install/aura_msgs/include/aura_msgs/aura_msgs/action/detail/execute_mission__traits.hpp
[11.903s] -- Symlinking: /home/aura/ws/install/aura_msgs/include/aura_msgs/aura_msgs/action/detail/execute_mission__type_support.hpp
[11.911s] -- Symlinking: /home/aura/ws/install/aura_msgs/include/aura_msgs/aura_msgs/action/execute_mission.hpp
[11.919s] -- Symlinking: /home/aura/ws/install/aura_msgs/include/aura_msgs/aura_msgs/msg/coverage_goal.hpp
[11.928s] -- Symlinking: /home/aura/ws/install/aura_msgs/include/aura_msgs/aura_msgs/msg/coverage_map.hpp
[11.936s] -- Symlinking: /home/aura/ws/install/aura_msgs/include/aura_msgs/aura_msgs/msg/detail/coverage_goal__builder.hpp
[11.946s] -- Symlinking: /home/aura/ws/install/aura_msgs/include/aura_msgs/aura_msgs/msg/detail/coverage_goal__struct.hpp
[11.955s] -- Symlinking: /home/aura/ws/install/aura_msgs/include/aura_msgs/aura_msgs/msg/detail/coverage_goal__traits.hpp
[11.962s] -- Symlinking: /home/aura/ws/install/aura_msgs/include/aura_msgs/aura_msgs/msg/detail/coverage_goal__type_support.hpp
[11.970s] -- Symlinking: /home/aura/ws/install/aura_msgs/include/aura_msgs/aura_msgs/msg/detail/coverage_map__builder.hpp
[11.978s] -- Symlinking: /home/aura/ws/install/aura_msgs/include/aura_msgs/aura_msgs/msg/detail/coverage_map__struct.hpp
[11.986s] -- Symlinking: /home/aura/ws/install/aura_msgs/include/aura_msgs/aura_msgs/msg/detail/coverage_map__traits.hpp
[11.995s] -- Symlinking: /home/aura/ws/install/aura_msgs/include/aura_msgs/aura_msgs/msg/detail/coverage_map__type_support.hpp
[12.002s] -- Symlinking: /home/aura/ws/install/aura_msgs/include/aura_msgs/aura_msgs/msg/detail/drone_state__builder.hpp
[12.007s] -- Symlinking: /home/aura/ws/install/aura_msgs/include/aura_msgs/aura_msgs/msg/detail/drone_state__struct.hpp
[12.013s] -- Symlinking: /home/aura/ws/install/aura_msgs/include/aura_msgs/aura_msgs/msg/detail/drone_state__traits.hpp
[12.018s] -- Symlinking: /home/aura/ws/install/aura_msgs/include/aura_msgs/aura_msgs/msg/detail/drone_state__type_support.hpp
[12.026s] -- Symlinking: /home/aura/ws/install/aura_msgs/include/aura_msgs/aura_msgs/msg/detail/mission_status__builder.hpp
[12.033s] -- Symlinking: /home/aura/ws/install/aura_msgs/include/aura_msgs/aura_msgs/msg/detail/mission_status__struct.hpp
[12.040s] -- Symlinking: /home/aura/ws/install/aura_msgs/include/aura_msgs/aura_msgs/msg/detail/mission_status__traits.hpp
[12.048s] -- Symlinking: /home/aura/ws/install/aura_msgs/include/aura_msgs/aura_msgs/msg/detail/mission_status__type_support.hpp
[12.057s] -- Symlinking: /home/aura/ws/install/aura_msgs/include/aura_msgs/aura_msgs/msg/detail/network_metrics__builder.hpp
[12.064s] -- Symlinking: /home/aura/ws/install/aura_msgs/include/aura_msgs/aura_msgs/msg/detail/network_metrics__struct.hpp
[12.070s] -- Symlinking: /home/aura/ws/install/aura_msgs/include/aura_msgs/aura_msgs/msg/detail/network_metrics__traits.hpp
[12.079s] -- Symlinking: /home/aura/ws/install/aura_msgs/include/aura_msgs/aura_msgs/msg/detail/network_metrics__type_support.hpp
[12.087s] -- Symlinking: /home/aura/ws/install/aura_msgs/include/aura_msgs/aura_msgs/msg/detail/swarm_state__builder.hpp
[12.097s] -- Symlinking: /home/aura/ws/install/aura_msgs/include/aura_msgs/aura_msgs/msg/detail/swarm_state__struct.hpp
[12.106s] -- Symlinking: /home/aura/ws/install/aura_msgs/include/aura_msgs/aura_msgs/msg/detail/swarm_state__traits.hpp
[12.114s] -- Symlinking: /home/aura/ws/install/aura_msgs/include/aura_msgs/aura_msgs/msg/detail/swarm_state__type_support.hpp
[12.119s] -- Symlinking: /home/aura/ws/install/aura_msgs/include/aura_msgs/aura_msgs/msg/detail/trajectory_broadcast__builder.hpp
[12.126s] -- Symlinking: /home/aura/ws/install/aura_msgs/include/aura_msgs/aura_msgs/msg/detail/trajectory_broadcast__struct.hpp
[12.131s] -- Symlinking: /home/aura/ws/install/aura_msgs/include/aura_msgs/aura_msgs/msg/detail/trajectory_broadcast__traits.hpp
[12.138s] -- Symlinking: /home/aura/ws/install/aura_msgs/include/aura_msgs/aura_msgs/msg/detail/trajectory_broadcast__type_support.hpp
[12.146s] -- Symlinking: /home/aura/ws/install/aura_msgs/include/aura_msgs/aura_msgs/msg/detail/weather_zone__builder.hpp
[12.152s] -- Symlinking: /home/aura/ws/install/aura_msgs/include/aura_msgs/aura_msgs/msg/detail/weather_zone__struct.hpp
[12.160s] -- Symlinking: /home/aura/ws/install/aura_msgs/include/aura_msgs/aura_msgs/msg/detail/weather_zone__traits.hpp
[12.169s] -- Symlinking: /home/aura/ws/install/aura_msgs/include/aura_msgs/aura_msgs/msg/detail/weather_zone__type_support.hpp
[12.177s] -- Symlinking: /home/aura/ws/install/aura_msgs/include/aura_msgs/aura_msgs/msg/drone_state.hpp
[12.187s] -- Symlinking: /home/aura/ws/install/aura_msgs/include/aura_msgs/aura_msgs/msg/mission_status.hpp
[12.193s] -- Symlinking: /home/aura/ws/install/aura_msgs/include/aura_msgs/aura_msgs/msg/network_metrics.hpp
[12.201s] -- Symlinking: /home/aura/ws/install/aura_msgs/include/aura_msgs/aura_msgs/msg/rosidl_generator_cpp__visibility_control.hpp
[12.209s] -- Symlinking: /home/aura/ws/install/aura_msgs/include/aura_msgs/aura_msgs/msg/swarm_state.hpp
[12.216s] -- Symlinking: /home/aura/ws/install/aura_msgs/include/aura_msgs/aura_msgs/msg/trajectory_broadcast.hpp
[12.223s] -- Symlinking: /home/aura/ws/install/aura_msgs/include/aura_msgs/aura_msgs/msg/weather_zone.hpp
[12.231s] -- Symlinking: /home/aura/ws/install/aura_msgs/include/aura_msgs/aura_msgs/srv/detail/emergency_stop__builder.hpp
[12.242s] -- Symlinking: /home/aura/ws/install/aura_msgs/include/aura_msgs/aura_msgs/srv/detail/emergency_stop__struct.hpp
[12.251s] -- Symlinking: /home/aura/ws/install/aura_msgs/include/aura_msgs/aura_msgs/srv/detail/emergency_stop__traits.hpp
[12.259s] -- Symlinking: /home/aura/ws/install/aura_msgs/include/aura_msgs/aura_msgs/srv/detail/emergency_stop__type_support.hpp
[12.268s] -- Symlinking: /home/aura/ws/install/aura_msgs/include/aura_msgs/aura_msgs/srv/detail/get_network_status__builder.hpp
[12.279s] -- Symlinking: /home/aura/ws/install/aura_msgs/include/aura_msgs/aura_msgs/srv/detail/get_network_status__struct.hpp
[12.289s] -- Symlinking: /home/aura/ws/install/aura_msgs/include/aura_msgs/aura_msgs/srv/detail/get_network_status__traits.hpp
[12.299s] -- Symlinking: /home/aura/ws/install/aura_msgs/include/aura_msgs/aura_msgs/srv/detail/get_network_status__type_support.hpp
[12.308s] -- Symlinking: /home/aura/ws/install/aura_msgs/include/aura_msgs/aura_msgs/srv/detail/request_trajectory__builder.hpp
[12.317s] -- Symlinking: /home/aura/ws/install/aura_msgs/include/aura_msgs/aura_msgs/srv/detail/request_trajectory__struct.hpp
[12.325s] -- Symlinking: /home/aura/ws/install/aura_msgs/include/aura_msgs/aura_msgs/srv/detail/request_trajectory__traits.hpp
[12.334s] -- Symlinking: /home/aura/ws/install/aura_msgs/include/aura_msgs/aura_msgs/srv/detail/request_trajectory__type_support.hpp
[12.343s] -- Symlinking: /home/aura/ws/install/aura_msgs/include/aura_msgs/aura_msgs/srv/detail/set_formation__builder.hpp
[12.351s] -- Symlinking: /home/aura/ws/install/aura_msgs/include/aura_msgs/aura_msgs/srv/detail/set_formation__struct.hpp
[12.362s] -- Symlinking: /home/aura/ws/install/aura_msgs/include/aura_msgs/aura_msgs/srv/detail/set_formation__traits.hpp
[12.370s] -- Symlinking: /home/aura/ws/install/aura_msgs/include/aura_msgs/aura_msgs/srv/detail/set_formation__type_support.hpp
[12.379s] -- Symlinking: /home/aura/ws/install/aura_msgs/include/aura_msgs/aura_msgs/srv/emergency_stop.hpp
[12.388s] -- Symlinking: /home/aura/ws/install/aura_msgs/include/aura_msgs/aura_msgs/srv/get_network_status.hpp
[12.399s] -- Symlinking: /home/aura/ws/install/aura_msgs/include/aura_msgs/aura_msgs/srv/request_trajectory.hpp
[12.404s] -- Symlinking: /home/aura/ws/install/aura_msgs/include/aura_msgs/aura_msgs/srv/set_formation.hpp
[12.413s] -- Symlinking: /home/aura/ws/install/aura_msgs/include/aura_msgs/aura_msgs/action/detail/execute_mission__rosidl_typesupport_fastrtps_cpp.hpp
[12.420s] -- Symlinking: /home/aura/ws/install/aura_msgs/include/aura_msgs/aura_msgs/msg/detail/coverage_goal__rosidl_typesupport_fastrtps_cpp.hpp
[12.426s] -- Symlinking: /home/aura/ws/install/aura_msgs/include/aura_msgs/aura_msgs/msg/detail/coverage_map__rosidl_typesupport_fastrtps_cpp.hpp
[12.432s] -- Symlinking: /home/aura/ws/install/aura_msgs/include/aura_msgs/aura_msgs/msg/detail/drone_state__rosidl_typesupport_fastrtps_cpp.hpp
[12.442s] -- Symlinking: /home/aura/ws/install/aura_msgs/include/aura_msgs/aura_msgs/msg/detail/mission_status__rosidl_typesupport_fastrtps_cpp.hpp
[12.451s] -- Symlinking: /home/aura/ws/install/aura_msgs/include/aura_msgs/aura_msgs/msg/detail/network_metrics__rosidl_typesupport_fastrtps_cpp.hpp
[12.461s] -- Symlinking: /home/aura/ws/install/aura_msgs/include/aura_msgs/aura_msgs/msg/detail/swarm_state__rosidl_typesupport_fastrtps_cpp.hpp
[12.471s] -- Symlinking: /home/aura/ws/install/aura_msgs/include/aura_msgs/aura_msgs/msg/detail/trajectory_broadcast__rosidl_typesupport_fastrtps_cpp.hpp
[12.479s] -- Symlinking: /home/aura/ws/install/aura_msgs/include/aura_msgs/aura_msgs/msg/detail/weather_zone__rosidl_typesupport_fastrtps_cpp.hpp
[12.488s] -- Symlinking: /home/aura/ws/install/aura_msgs/include/aura_msgs/aura_msgs/msg/rosidl_typesupport_fastrtps_cpp__visibility_control.h
[12.496s] -- Symlinking: /home/aura/ws/install/aura_msgs/include/aura_msgs/aura_msgs/srv/detail/emergency_stop__rosidl_typesupport_fastrtps_cpp.hpp
[12.505s] -- Symlinking: /home/aura/ws/install/aura_msgs/include/aura_msgs/aura_msgs/srv/detail/get_network_status__rosidl_typesupport_fastrtps_cpp.hpp
[12.515s] -- Symlinking: /home/aura/ws/install/aura_msgs/include/aura_msgs/aura_msgs/srv/detail/request_trajectory__rosidl_typesupport_fastrtps_cpp.hpp
[12.525s] -- Symlinking: /home/aura/ws/install/aura_msgs/include/aura_msgs/aura_msgs/srv/detail/set_formation__rosidl_typesupport_fastrtps_cpp.hpp
[12.534s] -- Symlinking: /home/aura/ws/install/aura_msgs/include/aura_msgs/aura_msgs/action/detail/execute_mission__rosidl_typesupport_introspection_c.h
[12.545s] -- Symlinking: /home/aura/ws/install/aura_msgs/include/aura_msgs/aura_msgs/msg/detail/coverage_goal__rosidl_typesupport_introspection_c.h
[12.554s] -- Symlinking: /home/aura/ws/install/aura_msgs/include/aura_msgs/aura_msgs/msg/detail/coverage_map__rosidl_typesupport_introspection_c.h
[12.564s] -- Symlinking: /home/aura/ws/install/aura_msgs/include/aura_msgs/aura_msgs/msg/detail/drone_state__rosidl_typesupport_introspection_c.h
[12.573s] -- Symlinking: /home/aura/ws/install/aura_msgs/include/aura_msgs/aura_msgs/msg/detail/mission_status__rosidl_typesupport_introspection_c.h
[12.581s] -- Symlinking: /home/aura/ws/install/aura_msgs/include/aura_msgs/aura_msgs/msg/detail/network_metrics__rosidl_typesupport_introspection_c.h
[12.588s] -- Symlinking: /home/aura/ws/install/aura_msgs/include/aura_msgs/aura_msgs/msg/detail/swarm_state__rosidl_typesupport_introspection_c.h
[12.594s] -- Symlinking: /home/aura/ws/install/aura_msgs/include/aura_msgs/aura_msgs/msg/detail/trajectory_broadcast__rosidl_typesupport_introspection_c.h
[12.600s] -- Symlinking: /home/aura/ws/install/aura_msgs/include/aura_msgs/aura_msgs/msg/detail/weather_zone__rosidl_typesupport_introspection_c.h
[12.608s] -- Symlinking: /home/aura/ws/install/aura_msgs/include/aura_msgs/aura_msgs/msg/rosidl_typesupport_introspection_c__visibility_control.h
[12.614s] -- Symlinking: /home/aura/ws/install/aura_msgs/include/aura_msgs/aura_msgs/srv/detail/emergency_stop__rosidl_typesupport_introspection_c.h
[12.621s] -- Symlinking: /home/aura/ws/install/aura_msgs/include/aura_msgs/aura_msgs/srv/detail/get_network_status__rosidl_typesupport_introspection_c.h
[12.629s] -- Symlinking: /home/aura/ws/install/aura_msgs/include/aura_msgs/aura_msgs/srv/detail/request_trajectory__rosidl_typesupport_introspection_c.h
[12.638s] -- Symlinking: /home/aura/ws/install/aura_msgs/include/aura_msgs/aura_msgs/srv/detail/set_formation__rosidl_typesupport_introspection_c.h
[12.648s] -- Symlinking: /home/aura/ws/install/aura_msgs/include/aura_msgs/aura_msgs/action/detail/execute_mission__rosidl_typesupport_introspection_cpp.hpp
[12.657s] -- Symlinking: /home/aura/ws/install/aura_msgs/include/aura_msgs/aura_msgs/msg/detail/coverage_goal__rosidl_typesupport_introspection_cpp.hpp
[12.665s] -- Symlinking: /home/aura/ws/install/aura_msgs/include/aura_msgs/aura_msgs/msg/detail/coverage_map__rosidl_typesupport_introspection_cpp.hpp
[12.674s] -- Symlinking: /home/aura/ws/install/aura_msgs/include/aura_msgs/aura_msgs/msg/detail/drone_state__rosidl_typesupport_introspection_cpp.hpp
[12.684s] -- Symlinking: /home/aura/ws/install/aura_msgs/include/aura_msgs/aura_msgs/msg/detail/mission_status__rosidl_typesupport_introspection_cpp.hpp
[12.692s] -- Symlinking: /home/aura/ws/install/aura_msgs/include/aura_msgs/aura_msgs/msg/detail/network_metrics__rosidl_typesupport_introspection_cpp.hpp
[12.700s] -- Symlinking: /home/aura/ws/install/aura_msgs/include/aura_msgs/aura_msgs/msg/detail/swarm_state__rosidl_typesupport_introspection_cpp.hpp
[12.708s] -- Symlinking: /home/aura/ws/install/aura_msgs/include/aura_msgs/aura_msgs/msg/detail/trajectory_broadcast__rosidl_typesupport_introspection_cpp.hpp
[12.717s] -- Symlinking: /home/aura/ws/install/aura_msgs/include/aura_msgs/aura_msgs/msg/detail/weather_zone__rosidl_typesupport_introspection_cpp.hpp
[12.725s] -- Symlinking: /home/aura/ws/install/aura_msgs/include/aura_msgs/aura_msgs/srv/detail/emergency_stop__rosidl_typesupport_introspection_cpp.hpp
[12.735s] -- Symlinking: /home/aura/ws/install/aura_msgs/include/aura_msgs/aura_msgs/srv/detail/get_network_status__rosidl_typesupport_introspection_cpp.hpp
[12.741s] -- Symlinking: /home/aura/ws/install/aura_msgs/include/aura_msgs/aura_msgs/srv/detail/request_trajectory__rosidl_typesupport_introspection_cpp.hpp
[12.749s] -- Symlinking: /home/aura/ws/install/aura_msgs/include/aura_msgs/aura_msgs/srv/detail/set_formation__rosidl_typesupport_introspection_cpp.hpp
[12.756s] -- Symlinking: /home/aura/ws/install/aura_msgs/share/aura_msgs/environment/pythonpath.sh
[12.764s] -- Symlinking: /home/aura/ws/install/aura_msgs/share/aura_msgs/environment/pythonpath.dsv
[12.773s] -- Symlinking: /home/aura/ws/install/aura_msgs/local/lib/python3.10/dist-packages/aura_msgs-0.1.0-py3.10.egg-info/PKG-INFO
[12.782s] -- Symlinking: /home/aura/ws/install/aura_msgs/local/lib/python3.10/dist-packages/aura_msgs-0.1.0-py3.10.egg-info/SOURCES.txt
[12.792s] -- Symlinking: /home/aura/ws/install/aura_msgs/local/lib/python3.10/dist-packages/aura_msgs-0.1.0-py3.10.egg-info/dependency_links.txt
[12.800s] -- Symlinking: /home/aura/ws/install/aura_msgs/local/lib/python3.10/dist-packages/aura_msgs-0.1.0-py3.10.egg-info/top_level.txt
[12.811s] -- Symlinking: /home/aura/ws/install/aura_msgs/local/lib/python3.10/dist-packages/aura_msgs/__init__.py
[12.819s] -- Symlinking: /home/aura/ws/install/aura_msgs/local/lib/python3.10/dist-packages/aura_msgs/_aura_msgs_s.ep.rosidl_typesupport_c.c
[12.829s] -- Symlinking: /home/aura/ws/install/aura_msgs/local/lib/python3.10/dist-packages/aura_msgs/_aura_msgs_s.ep.rosidl_typesupport_fastrtps_c.c
[12.839s] -- Symlinking: /home/aura/ws/install/aura_msgs/local/lib/python3.10/dist-packages/aura_msgs/_aura_msgs_s.ep.rosidl_typesupport_introspection_c.c
[12.849s] -- Symlinking: /home/aura/ws/install/aura_msgs/local/lib/python3.10/dist-packages/aura_msgs/action/__init__.py
[12.857s] -- Symlinking: /home/aura/ws/install/aura_msgs/local/lib/python3.10/dist-packages/aura_msgs/action/_execute_mission.py
[12.864s] -- Symlinking: /home/aura/ws/install/aura_msgs/local/lib/python3.10/dist-packages/aura_msgs/action/_execute_mission_s.c
[12.873s] -- Symlinking: /home/aura/ws/install/aura_msgs/local/lib/python3.10/dist-packages/aura_msgs/aura_msgs_s__rosidl_typesupport_c.cpython-310-x86_64-linux-gnu.so
[12.882s] -- Symlinking: /home/aura/ws/install/aura_msgs/local/lib/python3.10/dist-packages/aura_msgs/aura_msgs_s__rosidl_typesupport_fastrtps_c.cpython-310-x86_64-linux-gnu.so
[12.891s] -- Symlinking: /home/aura/ws/install/aura_msgs/local/lib/python3.10/dist-packages/aura_msgs/aura_msgs_s__rosidl_typesupport_introspection_c.cpython-310-x86_64-linux-gnu.so
[12.900s] -- Symlinking: /home/aura/ws/install/aura_msgs/local/lib/python3.10/dist-packages/aura_msgs/libaura_msgs__rosidl_generator_py.so
[12.909s] -- Symlinking: /home/aura/ws/install/aura_msgs/local/lib/python3.10/dist-packages/aura_msgs/msg/__init__.py
[12.918s] -- Symlinking: /home/aura/ws/install/aura_msgs/local/lib/python3.10/dist-packages/aura_msgs/msg/_coverage_goal.py
[12.926s] -- Symlinking: /home/aura/ws/install/aura_msgs/local/lib/python3.10/dist-packages/aura_msgs/msg/_coverage_goal_s.c
[12.935s] -- Symlinking: /home/aura/ws/install/aura_msgs/local/lib/python3.10/dist-packages/aura_msgs/msg/_coverage_map.py
[12.943s] -- Symlinking: /home/aura/ws/install/aura_msgs/local/lib/python3.10/dist-packages/aura_msgs/msg/_coverage_map_s.c
[12.951s] -- Symlinking: /home/aura/ws/install/aura_msgs/local/lib/python3.10/dist-packages/aura_msgs/msg/_drone_state.py
[12.959s] -- Symlinking: /home/aura/ws/install/aura_msgs/local/lib/python3.10/dist-packages/aura_msgs/msg/_drone_state_s.c
[12.968s] -- Symlinking: /home/aura/ws/install/aura_msgs/local/lib/python3.10/dist-packages/aura_msgs/msg/_mission_status.py
[12.976s] -- Symlinking: /home/aura/ws/install/aura_msgs/local/lib/python3.10/dist-packages/aura_msgs/msg/_mission_status_s.c
[12.984s] -- Symlinking: /home/aura/ws/install/aura_msgs/local/lib/python3.10/dist-packages/aura_msgs/msg/_network_metrics.py
[12.992s] -- Symlinking: /home/aura/ws/install/aura_msgs/local/lib/python3.10/dist-packages/aura_msgs/msg/_network_metrics_s.c
[13.001s] -- Symlinking: /home/aura/ws/install/aura_msgs/local/lib/python3.10/dist-packages/aura_msgs/msg/_swarm_state.py
[13.010s] -- Symlinking: /home/aura/ws/install/aura_msgs/local/lib/python3.10/dist-packages/aura_msgs/msg/_swarm_state_s.c
[13.019s] -- Symlinking: /home/aura/ws/install/aura_msgs/local/lib/python3.10/dist-packages/aura_msgs/msg/_trajectory_broadcast.py
[13.028s] -- Symlinking: /home/aura/ws/install/aura_msgs/local/lib/python3.10/dist-packages/aura_msgs/msg/_trajectory_broadcast_s.c
[13.037s] -- Symlinking: /home/aura/ws/install/aura_msgs/local/lib/python3.10/dist-packages/aura_msgs/msg/_weather_zone.py
[13.042s] -- Symlinking: /home/aura/ws/install/aura_msgs/local/lib/python3.10/dist-packages/aura_msgs/msg/_weather_zone_s.c
[13.051s] -- Symlinking: /home/aura/ws/install/aura_msgs/local/lib/python3.10/dist-packages/aura_msgs/srv/__init__.py
[13.060s] -- Symlinking: /home/aura/ws/install/aura_msgs/local/lib/python3.10/dist-packages/aura_msgs/srv/_emergency_stop.py
[13.070s] -- Symlinking: /home/aura/ws/install/aura_msgs/local/lib/python3.10/dist-packages/aura_msgs/srv/_emergency_stop_s.c
[13.079s] -- Symlinking: /home/aura/ws/install/aura_msgs/local/lib/python3.10/dist-packages/aura_msgs/srv/_get_network_status.py
[13.086s] -- Symlinking: /home/aura/ws/install/aura_msgs/local/lib/python3.10/dist-packages/aura_msgs/srv/_get_network_status_s.c
[13.096s] -- Symlinking: /home/aura/ws/install/aura_msgs/local/lib/python3.10/dist-packages/aura_msgs/srv/_request_trajectory.py
[13.103s] -- Symlinking: /home/aura/ws/install/aura_msgs/local/lib/python3.10/dist-packages/aura_msgs/srv/_request_trajectory_s.c
[13.111s] -- Symlinking: /home/aura/ws/install/aura_msgs/local/lib/python3.10/dist-packages/aura_msgs/srv/_set_formation.py
[13.118s] -- Symlinking: /home/aura/ws/install/aura_msgs/local/lib/python3.10/dist-packages/aura_msgs/srv/_set_formation_s.c
[13.127s] -- Up-to-date symlink: /home/aura/ws/install/aura_msgs/local/lib/python3.10/dist-packages/aura_msgs/aura_msgs_s__rosidl_typesupport_fastrtps_c.cpython-310-x86_64-linux-gnu.so
[13.127s] -- Up-to-date symlink: /home/aura/ws/install/aura_msgs/local/lib/python3.10/dist-packages/aura_msgs/aura_msgs_s__rosidl_typesupport_introspection_c.cpython-310-x86_64-linux-gnu.so
[13.127s] -- Up-to-date symlink: /home/aura/ws/install/aura_msgs/local/lib/python3.10/dist-packages/aura_msgs/aura_msgs_s__rosidl_typesupport_c.cpython-310-x86_64-linux-gnu.so
[13.127s] -- Symlinking: /home/aura/ws/install/aura_msgs/share/aura_msgs/msg/DroneState.idl
[13.137s] -- Symlinking: /home/aura/ws/install/aura_msgs/share/aura_msgs/msg/SwarmState.idl
[13.147s] -- Symlinking: /home/aura/ws/install/aura_msgs/share/aura_msgs/msg/TrajectoryBroadcast.idl
[13.155s] -- Symlinking: /home/aura/ws/install/aura_msgs/share/aura_msgs/msg/NetworkMetrics.idl
[13.165s] -- Symlinking: /home/aura/ws/install/aura_msgs/share/aura_msgs/msg/CoverageGoal.idl
[13.175s] -- Symlinking: /home/aura/ws/install/aura_msgs/share/aura_msgs/msg/CoverageMap.idl
[13.184s] -- Symlinking: /home/aura/ws/install/aura_msgs/share/aura_msgs/msg/WeatherZone.idl
[13.192s] -- Symlinking: /home/aura/ws/install/aura_msgs/share/aura_msgs/msg/MissionStatus.idl
[13.200s] -- Symlinking: /home/aura/ws/install/aura_msgs/share/aura_msgs/srv/RequestTrajectory.idl
[13.209s] -- Symlinking: /home/aura/ws/install/aura_msgs/share/aura_msgs/srv/EmergencyStop.idl
[13.217s] -- Symlinking: /home/aura/ws/install/aura_msgs/share/aura_msgs/srv/SetFormation.idl
[13.226s] -- Symlinking: /home/aura/ws/install/aura_msgs/share/aura_msgs/srv/GetNetworkStatus.idl
[13.236s] -- Symlinking: /home/aura/ws/install/aura_msgs/share/aura_msgs/action/ExecuteMission.idl
[13.246s] -- Symlinking: /home/aura/ws/install/aura_msgs/share/aura_msgs/msg/DroneState.msg
[13.256s] -- Symlinking: /home/aura/ws/install/aura_msgs/share/aura_msgs/msg/SwarmState.msg
[13.265s] -- Symlinking: /home/aura/ws/install/aura_msgs/share/aura_msgs/msg/TrajectoryBroadcast.msg
[13.274s] -- Symlinking: /home/aura/ws/install/aura_msgs/share/aura_msgs/msg/NetworkMetrics.msg
[13.284s] -- Symlinking: /home/aura/ws/install/aura_msgs/share/aura_msgs/msg/CoverageGoal.msg
[13.293s] -- Symlinking: /home/aura/ws/install/aura_msgs/share/aura_msgs/msg/CoverageMap.msg
[13.302s] -- Symlinking: /home/aura/ws/install/aura_msgs/share/aura_msgs/msg/WeatherZone.msg
[13.312s] -- Symlinking: /home/aura/ws/install/aura_msgs/share/aura_msgs/msg/MissionStatus.msg
[13.318s] -- Symlinking: /home/aura/ws/install/aura_msgs/share/aura_msgs/srv/RequestTrajectory.srv
[13.325s] -- Symlinking: /home/aura/ws/install/aura_msgs/share/aura_msgs/srv/RequestTrajectory_Request.msg
[13.336s] -- Symlinking: /home/aura/ws/install/aura_msgs/share/aura_msgs/srv/RequestTrajectory_Response.msg
[13.346s] -- Symlinking: /home/aura/ws/install/aura_msgs/share/aura_msgs/srv/EmergencyStop.srv
[13.356s] -- Symlinking: /home/aura/ws/install/aura_msgs/share/aura_msgs/srv/EmergencyStop_Request.msg
[13.365s] -- Symlinking: /home/aura/ws/install/aura_msgs/share/aura_msgs/srv/EmergencyStop_Response.msg
[13.374s] -- Symlinking: /home/aura/ws/install/aura_msgs/share/aura_msgs/srv/SetFormation.srv
[13.384s] -- Symlinking: /home/aura/ws/install/aura_msgs/share/aura_msgs/srv/SetFormation_Request.msg
[13.394s] -- Symlinking: /home/aura/ws/install/aura_msgs/share/aura_msgs/srv/SetFormation_Response.msg
[13.402s] -- Symlinking: /home/aura/ws/install/aura_msgs/share/aura_msgs/srv/GetNetworkStatus.srv
[13.411s] -- Symlinking: /home/aura/ws/install/aura_msgs/share/aura_msgs/srv/GetNetworkStatus_Request.msg
[13.421s] -- Symlinking: /home/aura/ws/install/aura_msgs/share/aura_msgs/srv/GetNetworkStatus_Response.msg
[13.428s] -- Symlinking: /home/aura/ws/install/aura_msgs/share/aura_msgs/action/ExecuteMission.action
[13.439s] -- Symlinking: /home/aura/ws/install/aura_msgs/share/ament_index/resource_index/package_run_dependencies/aura_msgs
[13.447s] -- Symlinking: /home/aura/ws/install/aura_msgs/share/ament_index/resource_index/parent_prefix_path/aura_msgs
[13.456s] -- Symlinking: /home/aura/ws/install/aura_msgs/share/aura_msgs/environment/ament_prefix_path.sh
[13.466s] -- Symlinking: /home/aura/ws/install/aura_msgs/share/aura_msgs/environment/ament_prefix_path.dsv
[13.474s] -- Symlinking: /home/aura/ws/install/aura_msgs/share/aura_msgs/environment/path.sh
[13.484s] -- Symlinking: /home/aura/ws/install/aura_msgs/share/aura_msgs/environment/path.dsv
[13.493s] -- Symlinking: /home/aura/ws/install/aura_msgs/share/aura_msgs/local_setup.bash
[13.502s] -- Symlinking: /home/aura/ws/install/aura_msgs/share/aura_msgs/local_setup.sh
[13.510s] -- Symlinking: /home/aura/ws/install/aura_msgs/share/aura_msgs/local_setup.zsh
[13.518s] -- Symlinking: /home/aura/ws/install/aura_msgs/share/aura_msgs/local_setup.dsv
[13.526s] -- Symlinking: /home/aura/ws/install/aura_msgs/share/aura_msgs/package.dsv
[13.536s] -- Symlinking: /home/aura/ws/install/aura_msgs/share/ament_index/resource_index/packages/aura_msgs
[13.544s] -- Symlinking: /home/aura/ws/install/aura_msgs/share/aura_msgs/cmake/rosidl_cmake-extras.cmake
[13.553s] -- Symlinking: /home/aura/ws/install/aura_msgs/share/aura_msgs/cmake/ament_cmake_export_dependencies-extras.cmake
[13.563s] -- Symlinking: /home/aura/ws/install/aura_msgs/share/aura_msgs/cmake/ament_cmake_export_include_directories-extras.cmake
[13.571s] -- Symlinking: /home/aura/ws/install/aura_msgs/share/aura_msgs/cmake/ament_cmake_export_libraries-extras.cmake
[13.579s] -- Symlinking: /home/aura/ws/install/aura_msgs/share/aura_msgs/cmake/ament_cmake_export_targets-extras.cmake
[13.587s] -- Symlinking: /home/aura/ws/install/aura_msgs/share/aura_msgs/cmake/rosidl_cmake_export_typesupport_targets-extras.cmake
[13.596s] -- Symlinking: /home/aura/ws/install/aura_msgs/share/aura_msgs/cmake/rosidl_cmake_export_typesupport_libraries-extras.cmake
[13.604s] -- Symlinking: /home/aura/ws/install/aura_msgs/share/aura_msgs/cmake/aura_msgsConfig.cmake
[13.613s] -- Symlinking: /home/aura/ws/install/aura_msgs/share/aura_msgs/cmake/aura_msgsConfig-version.cmake
[13.622s] -- Symlinking: /home/aura/ws/install/aura_msgs/share/aura_msgs/package.xml
[13.631s] -- Installing: /home/aura/ws/install/aura_msgs/lib/libaura_msgs__rosidl_generator_c.so
[13.631s] -- Set runtime path of "/home/aura/ws/install/aura_msgs/lib/libaura_msgs__rosidl_generator_c.so" to ""
[13.631s] -- Installing: /home/aura/ws/install/aura_msgs/lib/libaura_msgs__rosidl_typesupport_fastrtps_c.so
[13.631s] -- Set runtime path of "/home/aura/ws/install/aura_msgs/lib/libaura_msgs__rosidl_typesupport_fastrtps_c.so" to ""
[13.631s] -- Installing: /home/aura/ws/install/aura_msgs/lib/libaura_msgs__rosidl_typesupport_fastrtps_cpp.so
[13.632s] -- Set runtime path of "/home/aura/ws/install/aura_msgs/lib/libaura_msgs__rosidl_typesupport_fastrtps_cpp.so" to ""
[13.632s] -- Installing: /home/aura/ws/install/aura_msgs/lib/libaura_msgs__rosidl_typesupport_introspection_c.so
[13.632s] -- Set runtime path of "/home/aura/ws/install/aura_msgs/lib/libaura_msgs__rosidl_typesupport_introspection_c.so" to ""
[13.632s] -- Installing: /home/aura/ws/install/aura_msgs/lib/libaura_msgs__rosidl_typesupport_c.so
[13.633s] -- Set runtime path of "/home/aura/ws/install/aura_msgs/lib/libaura_msgs__rosidl_typesupport_c.so" to ""
[13.633s] -- Installing: /home/aura/ws/install/aura_msgs/lib/libaura_msgs__rosidl_typesupport_introspection_cpp.so
[13.633s] -- Set runtime path of "/home/aura/ws/install/aura_msgs/lib/libaura_msgs__rosidl_typesupport_introspection_cpp.so" to ""
[13.633s] -- Installing: /home/aura/ws/install/aura_msgs/lib/libaura_msgs__rosidl_typesupport_cpp.so
[13.633s] -- Set runtime path of "/home/aura/ws/install/aura_msgs/lib/libaura_msgs__rosidl_typesupport_cpp.so" to ""
[13.686s] Listing '/home/aura/ws/install/aura_msgs/local/lib/python3.10/dist-packages/aura_msgs'...
[13.686s] Compiling '/home/aura/ws/install/aura_msgs/local/lib/python3.10/dist-packages/aura_msgs/__init__.py'...
[13.686s] Listing '/home/aura/ws/install/aura_msgs/local/lib/python3.10/dist-packages/aura_msgs/action'...
[13.686s] Compiling '/home/aura/ws/install/aura_msgs/local/lib/python3.10/dist-packages/aura_msgs/action/__init__.py'...
[13.686s] Compiling '/home/aura/ws/install/aura_msgs/local/lib/python3.10/dist-packages/aura_msgs/action/_execute_mission.py'...
[13.686s] Listing '/home/aura/ws/install/aura_msgs/local/lib/python3.10/dist-packages/aura_msgs/msg'...
[13.686s] Compiling '/home/aura/ws/install/aura_msgs/local/lib/python3.10/dist-packages/aura_msgs/msg/__init__.py'...
[13.686s] Compiling '/home/aura/ws/install/aura_msgs/local/lib/python3.10/dist-packages/aura_msgs/msg/_coverage_goal.py'...
[13.686s] Compiling '/home/aura/ws/install/aura_msgs/local/lib/python3.10/dist-packages/aura_msgs/msg/_coverage_map.py'...
[13.686s] Compiling '/home/aura/ws/install/aura_msgs/local/lib/python3.10/dist-packages/aura_msgs/msg/_drone_state.py'...
[13.686s] Compiling '/home/aura/ws/install/aura_msgs/local/lib/python3.10/dist-packages/aura_msgs/msg/_mission_status.py'...
[13.686s] Compiling '/home/aura/ws/install/aura_msgs/local/lib/python3.10/dist-packages/aura_msgs/msg/_network_metrics.py'...
[13.686s] Compiling '/home/aura/ws/install/aura_msgs/local/lib/python3.10/dist-packages/aura_msgs/msg/_swarm_state.py'...
[13.686s] Compiling '/home/aura/ws/install/aura_msgs/local/lib/python3.10/dist-packages/aura_msgs/msg/_trajectory_broadcast.py'...
[13.686s] Compiling '/home/aura/ws/install/aura_msgs/local/lib/python3.10/dist-packages/aura_msgs/msg/_weather_zone.py'...
[13.686s] Listing '/home/aura/ws/install/aura_msgs/local/lib/python3.10/dist-packages/aura_msgs/srv'...
[13.686s] Compiling '/home/aura/ws/install/aura_msgs/local/lib/python3.10/dist-packages/aura_msgs/srv/__init__.py'...
[13.687s] Compiling '/home/aura/ws/install/aura_msgs/local/lib/python3.10/dist-packages/aura_msgs/srv/_emergency_stop.py'...
[13.687s] Compiling '/home/aura/ws/install/aura_msgs/local/lib/python3.10/dist-packages/aura_msgs/srv/_get_network_status.py'...
[13.687s] Compiling '/home/aura/ws/install/aura_msgs/local/lib/python3.10/dist-packages/aura_msgs/srv/_request_trajectory.py'...
[13.687s] Compiling '/home/aura/ws/install/aura_msgs/local/lib/python3.10/dist-packages/aura_msgs/srv/_set_formation.py'...
[13.690s] -- Installing: /home/aura/ws/install/aura_msgs/lib/libaura_msgs__rosidl_generator_py.so
[13.690s] -- Set runtime path of "/home/aura/ws/install/aura_msgs/lib/libaura_msgs__rosidl_generator_py.so" to ""
[13.690s] -- Installing: /home/aura/ws/install/aura_msgs/share/aura_msgs/cmake/export_aura_msgs__rosidl_generator_cExport.cmake
[13.690s] -- Installing: /home/aura/ws/install/aura_msgs/share/aura_msgs/cmake/export_aura_msgs__rosidl_generator_cExport-noconfig.cmake
[13.690s] -- Installing: /home/aura/ws/install/aura_msgs/share/aura_msgs/cmake/export_aura_msgs__rosidl_typesupport_fastrtps_cExport.cmake
[13.690s] -- Installing: /home/aura/ws/install/aura_msgs/share/aura_msgs/cmake/export_aura_msgs__rosidl_typesupport_fastrtps_cExport-noconfig.cmake
[13.690s] -- Installing: /home/aura/ws/install/aura_msgs/share/aura_msgs/cmake/export_aura_msgs__rosidl_generator_cppExport.cmake
[13.691s] -- Installing: /home/aura/ws/install/aura_msgs/share/aura_msgs/cmake/export_aura_msgs__rosidl_typesupport_fastrtps_cppExport.cmake
[13.691s] -- Installing: /home/aura/ws/install/aura_msgs/share/aura_msgs/cmake/export_aura_msgs__rosidl_typesupport_fastrtps_cppExport-noconfig.cmake
[13.691s] -- Installing: /home/aura/ws/install/aura_msgs/share/aura_msgs/cmake/aura_msgs__rosidl_typesupport_introspection_cExport.cmake
[13.691s] -- Installing: /home/aura/ws/install/aura_msgs/share/aura_msgs/cmake/aura_msgs__rosidl_typesupport_introspection_cExport-noconfig.cmake
[13.691s] -- Installing: /home/aura/ws/install/aura_msgs/share/aura_msgs/cmake/aura_msgs__rosidl_typesupport_cExport.cmake
[13.691s] -- Installing: /home/aura/ws/install/aura_msgs/share/aura_msgs/cmake/aura_msgs__rosidl_typesupport_cExport-noconfig.cmake
[13.691s] -- Installing: /home/aura/ws/install/aura_msgs/share/aura_msgs/cmake/aura_msgs__rosidl_typesupport_introspection_cppExport.cmake
[13.691s] -- Installing: /home/aura/ws/install/aura_msgs/share/aura_msgs/cmake/aura_msgs__rosidl_typesupport_introspection_cppExport-noconfig.cmake
[13.691s] -- Installing: /home/aura/ws/install/aura_msgs/share/aura_msgs/cmake/aura_msgs__rosidl_typesupport_cppExport.cmake
[13.691s] -- Installing: /home/aura/ws/install/aura_msgs/share/aura_msgs/cmake/aura_msgs__rosidl_typesupport_cppExport-noconfig.cmake
[13.691s] -- Installing: /home/aura/ws/install/aura_msgs/share/aura_msgs/cmake/export_aura_msgs__rosidl_generator_pyExport.cmake
[13.691s] -- Installing: /home/aura/ws/install/aura_msgs/share/aura_msgs/cmake/export_aura_msgs__rosidl_generator_pyExport-noconfig.cmake
[13.693s] Invoked command in '/home/aura/ws/build/aura_msgs' returned '0': CMAKE_PREFIX_PATH=${CMAKE_PREFIX_PATH}:/opt/ros/humble /usr/bin/cmake --install /home/aura/ws/build/aura_msgs
